Archive member included to satisfy reference by file (symbol)

C:/ti/simplelink_cc32xx_sdk_7_10_00_13/source\ti/drivers/lib/gcc/m4/drivers_cc32xx.a(GPIO.c.obj)
                              ./gpiointerrupt.o (GPIO_setCallback)
C:/ti/simplelink_cc32xx_sdk_7_10_00_13/source\ti/drivers/lib/gcc/m4/drivers_cc32xx.a(GPIOCC32XX.c.obj)
                              ./gpiointerrupt.o (GPIO_enableInt)
C:/ti/simplelink_cc32xx_sdk_7_10_00_13/source\ti/drivers/lib/gcc/m4/drivers_cc32xx.a(I2C.c.obj)
                              ./gpiointerrupt.o (I2C_init)
C:/ti/simplelink_cc32xx_sdk_7_10_00_13/source\ti/drivers/lib/gcc/m4/drivers_cc32xx.a(I2CCC32XX.c.obj)
                              C:/ti/simplelink_cc32xx_sdk_7_10_00_13/source\ti/drivers/lib/gcc/m4/drivers_cc32xx.a(I2C.c.obj) (I2CSupport_primeTransfer)
C:/ti/simplelink_cc32xx_sdk_7_10_00_13/source\ti/drivers/lib/gcc/m4/drivers_cc32xx.a(PowerCC32XX.c.obj)
                              ./syscfg/ti_drivers_config.o (Power_init)
C:/ti/simplelink_cc32xx_sdk_7_10_00_13/source\ti/drivers/lib/gcc/m4/drivers_cc32xx.a(PowerCC32XX_gcc.asm.obj)
                              C:/ti/simplelink_cc32xx_sdk_7_10_00_13/source\ti/drivers/lib/gcc/m4/drivers_cc32xx.a(PowerCC32XX.c.obj) (PowerCC32XX_enterLPDS)
C:/ti/simplelink_cc32xx_sdk_7_10_00_13/source\ti/drivers/lib/gcc/m4/drivers_cc32xx.a(Timer.c.obj)
                              ./gpiointerrupt.o (Timer_init)
C:/ti/simplelink_cc32xx_sdk_7_10_00_13/source\ti/drivers/lib/gcc/m4/drivers_cc32xx.a(TimerCC32XX.c.obj)
                              ./gpiointerrupt.o (Timer_open)
C:/ti/simplelink_cc32xx_sdk_7_10_00_13/source\ti/drivers/lib/gcc/m4/drivers_cc32xx.a(UART2.c.obj)
                              ./gpiointerrupt.o (UART2_Params_init)
C:/ti/simplelink_cc32xx_sdk_7_10_00_13/source\ti/drivers/lib/gcc/m4/drivers_cc32xx.a(UART2CC32XX.c.obj)
                              ./gpiointerrupt.o (UART2_open)
C:/ti/simplelink_cc32xx_sdk_7_10_00_13/source\ti/drivers/lib/gcc/m4/drivers_cc32xx.a(List.c.obj)
                              C:/ti/simplelink_cc32xx_sdk_7_10_00_13/source\ti/drivers/lib/gcc/m4/drivers_cc32xx.a(PowerCC32XX.c.obj) (List_put)
C:/ti/simplelink_cc32xx_sdk_7_10_00_13/source\ti/drivers/lib/gcc/m4/drivers_cc32xx.a(RingBuf.c.obj)
                              C:/ti/simplelink_cc32xx_sdk_7_10_00_13/source\ti/drivers/lib/gcc/m4/drivers_cc32xx.a(UART2CC32XX.c.obj) (RingBuf_construct)
C:/ti/simplelink_cc32xx_sdk_7_10_00_13/source\ti/drivers/lib/gcc/m4/drivers_cc32xx.a(UDMACC32XX.c.obj)
                              C:/ti/simplelink_cc32xx_sdk_7_10_00_13/source\ti/drivers/lib/gcc/m4/drivers_cc32xx.a(UART2CC32XX.c.obj) (UDMACC32XX_close)
C:/ti/simplelink_cc32xx_sdk_7_10_00_13/kernel/nortos\lib/gcc/m4/nortos_cc32xx.a(NoRTOS.c.obj)
                              ./main_nortos.o (NoRTOS_start)
C:/ti/simplelink_cc32xx_sdk_7_10_00_13/kernel/nortos\lib/gcc/m4/nortos_cc32xx.a(SemaphoreP_nortos.c.obj)
                              C:/ti/simplelink_cc32xx_sdk_7_10_00_13/source\ti/drivers/lib/gcc/m4/drivers_cc32xx.a(I2CCC32XX.c.obj) (SemaphoreP_constructBinary)
C:/ti/simplelink_cc32xx_sdk_7_10_00_13/kernel/nortos\lib/gcc/m4/nortos_cc32xx.a(ClockPSysTick_nortos.c.obj)
                              C:/ti/simplelink_cc32xx_sdk_7_10_00_13/kernel/nortos\lib/gcc/m4/nortos_cc32xx.a(SemaphoreP_nortos.c.obj) (ClockP_add)
C:/ti/simplelink_cc32xx_sdk_7_10_00_13/kernel/nortos\lib/gcc/m4/nortos_cc32xx.a(HwiPCC32XX_nortos.c.obj)
                              C:/ti/simplelink_cc32xx_sdk_7_10_00_13/kernel/nortos\lib/gcc/m4/nortos_cc32xx.a(NoRTOS.c.obj) (HwiP_enable)
C:/ti/simplelink_cc32xx_sdk_7_10_00_13/kernel/nortos\lib/gcc/m4/nortos_cc32xx.a(PowerCC32XX_nortos.c.obj)
                              ./syscfg/ti_drivers_config.o (PowerCC32XX_initPolicy)
C:/ti/simplelink_cc32xx_sdk_7_10_00_13/kernel/nortos\lib/gcc/m4/nortos_cc32xx.a(startup_cc32xx_gcc.c.obj)
                              (resetISR)
C:/ti/simplelink_cc32xx_sdk_7_10_00_13/kernel/nortos\lib/gcc/m4/nortos_cc32xx.a(SwiP_nortos.c.obj)
                              C:/ti/simplelink_cc32xx_sdk_7_10_00_13/kernel/nortos\lib/gcc/m4/nortos_cc32xx.a(PowerCC32XX_nortos.c.obj) (SwiP_disable)
C:/ti/simplelink_cc32xx_sdk_7_10_00_13/source\ti/devices/cc32xx/driverlib/gcc/Release/driverlib.a(cpu.obj)
                              C:/ti/simplelink_cc32xx_sdk_7_10_00_13/kernel/nortos\lib/gcc/m4/nortos_cc32xx.a(HwiPCC32XX_nortos.c.obj) (CPUprimask)
C:/ti/simplelink_cc32xx_sdk_7_10_00_13/source\ti/devices/cc32xx/driverlib/gcc/Release/driverlib.a(gpio.obj)
                              C:/ti/simplelink_cc32xx_sdk_7_10_00_13/source\ti/drivers/lib/gcc/m4/drivers_cc32xx.a(GPIOCC32XX.c.obj) (GPIODirModeSet)
C:/ti/simplelink_cc32xx_sdk_7_10_00_13/source\ti/devices/cc32xx/driverlib/gcc/Release/driverlib.a(hwspinlock.obj)
                              C:/ti/simplelink_cc32xx_sdk_7_10_00_13/source\ti/drivers/lib/gcc/m4/drivers_cc32xx.a(PowerCC32XX.c.obj) (HwSpinLockTryAcquire)
[...]
Memory Configuration

Name             Origin             Length             Attributes
SRAM             0x20004000         0x0003c000         xrw
LOG_DATA         0x90000000         0x00040000         r
LOG_PTR          0x94000008         0x00040000         r
*default*        0x00000000         0xffffffff

Linker script and memory map

LOAD ./gpiointerrupt.o
LOAD ./syscfg/ti_drivers_config.o
LOAD ./main_nortos.o
                0x00001000                STACKSIZE = 0x1000
                0x00008000                HEAP_SIZE = 0x8000
                0x20004000                PROVIDE (_resetVecs_base_address, DEFINED (_resetVecs_base_address)?_resetVecs_base_address:0x20004000)

.resetVecs      0x20004000       0x40
 *(.resetVecs)
 .resetVecs     0x20004000       0x40 C:/ti/simplelink_cc32xx_sdk_7_10_00_13/kernel/nortos\lib/gcc/m4/nortos_cc32xx.a(startup_cc32xx_gcc.c.obj)

.ramVecs        0x20004400      0x30c
 *(.ramVecs)
 .ramVecs       0x20004400      0x30c C:/ti/simplelink_cc32xx_sdk_7_10_00_13/kernel/nortos\lib/gcc/m4/nortos_cc32xx.a(startup_cc32xx_gcc.c.obj)

.text           0x20004710     0x6c1c
 CREATE_OBJECT_SYMBOLS
 *(.text)
 .text          0x20004710       0x98 C:/ti/simplelink_cc32xx_sdk_7_10_00_13/source\ti/drivers/lib/gcc/m4/drivers_cc32xx.a(PowerCC32XX_gcc.asm.obj)
                0x20004710                PowerCC32XX_enterLPDS
                0x20004754                PowerCC32XX_resumeLPDS
 .text          0x200047a8      0x378 c:/ti/ccs1000/ccs/tools/compiler/gcc-arm-none-eabi-7-2017-q4-major-win32/bin/../lib/gcc/arm-none-eabi/7.2.1/thumb/v7e-m\libgcc.a(_arm_addsubdf3.o)
                0x200047a8                __aeabi_drsub
                0x200047b0                __aeabi_dsub
                0x200047b0                __subdf3
                0x200047b4                __aeabi_dadd
                0x200047b4                __adddf3
                0x20004a2c                __floatunsidf
                0x20004a2c                __aeabi_ui2d
                0x20004a4c                __floatsidf
                0x20004a4c                __aeabi_i2d
                0x20004a70                __aeabi_f2d
                0x20004a70                __extendsfdf2
                0x20004ab4                __floatundidf
                0x20004ab4                __aeabi_ul2d
                0x20004ac4                __floatdidf
                0x20004ac4                __aeabi_l2d
 .text          0x20004b20      0x424 c:/ti/ccs1000/ccs/tools/compiler/gcc-arm-none-eabi-7-2017-q4-major-win32/bin/../lib/gcc/arm-none-eabi/7.2.1/thumb/v7e-m\libgcc.a(_arm_muldivdf3.o)
                0x20004b20                __aeabi_dmul
                0x20004b20                __muldf3
                0x20004d74                __divdf3
                0x20004d74                __aeabi_ddiv
 .text          0x20004f44       0x50 c:/ti/ccs1000/ccs/tools/compiler/gcc-arm-none-eabi-7-2017-q4-major-win32/bin/../lib/gcc/arm-none-eabi/7.2.1/thumb/v7e-m\libgcc.a(_arm_fixdfsi.o)
                0x20004f44                __aeabi_d2iz
                0x20004f44                __fixdfsi
 .text          0x20004f94       0x30 c:/ti/ccs1000/ccs/tools/compiler/gcc-arm-none-eabi-7-2017-q4-major-win32/bin/../lib/gcc/arm-none-eabi/7.2.1/thumb/v7e-m\libgcc.a(_aeabi_uldivmod.o)
                0x20004f94                __aeabi_uldivmod
 .text          0x20004fc4      0x2cc c:/ti/ccs1000/ccs/tools/compiler/gcc-arm-none-eabi-7-2017-q4-major-win32/bin/../lib/gcc/arm-none-eabi/7.2.1/thumb/v7e-m\libgcc.a(_udivmoddi4.o)
                0x20004fc4                __udivmoddi4
 .text          0x20005290        0x4 c:/ti/ccs1000/ccs/tools/compiler/gcc-arm-none-eabi-7-2017-q4-major-win32/bin/../lib/gcc/arm-none-eabi/7.2.1/thumb/v7e-m\libgcc.a(_dvmd_tls.o)
                0x20005290                __aeabi_idiv0
                0x20005290                __aeabi_ldiv0
 *fill*         0x20005294        0xc 
 .text          0x200052a0       0xa0 c:/ti/ccs1000/ccs/tools/compiler/gcc-arm-none-eabi-7-2017-q4-major-win32/bin/../lib/gcc/arm-none-eabi/7.2.1/../../../../arm-none-eabi/lib/thumb/v7e-m\libc_nano.a(lib_a-memchr.o)
                0x200052a0                memchr
 *(.text.*)
 .text.adjustSetPoint
                0x20005340       0x40 ./gpiointerrupt.o
                0x20005340                adjustSetPoint
 .text.timerCallback
                0x20005380        0xc ./gpiointerrupt.o
                0x20005380                timerCallback
 .text.gpioButtonFxn1
                0x2000538c        0x4 ./gpiointerrupt.o
                0x2000538c                gpioButtonFxn1
 .text.setHeatMode
                0x20005390       0xa8 ./gpiointerrupt.o
                0x20005390                setHeatMode
 .text.gpioButtonFxn0
                0x20005438        0x8 ./gpiointerrupt.o
                0x20005438                gpioButtonFxn0
 .text.getAmbientTemp
                0x20005440       0xd4 ./gpiointerrupt.o
                0x20005440                getAmbientTemp
 .text.initUART2
                0x20005514       0x38 ./gpiointerrupt.o
                0x20005514                initUART2
 .text.initI2C  0x2000554c      0x1dc ./gpiointerrupt.o
                0x2000554c                initI2C
 .text.initTimer
                0x20005728       0x4c ./gpiointerrupt.o
                0x20005728                initTimer
 .text.mainThread
                0x20005774       0xbc ./gpiointerrupt.o
                0x20005774                mainThread
 .text.dmaErrorFxn
                0x20005830        0xc ./syscfg/ti_drivers_config.o
 .text.Board_initHook
                0x2000583c        0x4 ./syscfg/ti_drivers_config.o
                0x2000583c                Board_initHook
 .text.Board_init
                0x20005840       0x14 ./syscfg/ti_drivers_config.o
                0x20005840                Board_init
 .text.startup.main
                0x20005854       0x14 ./main_nortos.o
                0x20005854                main
 .text.GPIO_setCallback
                0x20005868       0x1c C:/ti/simplelink_cc32xx_sdk_7_10_00_13/source\ti/drivers/lib/gcc/m4/drivers_cc32xx.a(GPIO.c.obj)
                0x20005868                GPIO_setCallback
 .text.GPIO_hwiIntFxn
                0x20005884       0x54 C:/ti/simplelink_cc32xx_sdk_7_10_00_13/source\ti/drivers/lib/gcc/m4/drivers_cc32xx.a(GPIOCC32XX.c.obj)
                0x20005884                GPIO_hwiIntFxn
 .text.GPIO_enableInt
                0x200058d8       0x44 C:/ti/simplelink_cc32xx_sdk_7_10_00_13/source\ti/drivers/lib/gcc/m4/drivers_cc32xx.a(GPIOCC32XX.c.obj)
                0x200058d8                GPIO_enableInt
 .text.GPIO_setInterruptConfig
                0x2000591c       0x9c C:/ti/simplelink_cc32xx_sdk_7_10_00_13/source\ti/drivers/lib/gcc/m4/drivers_cc32xx.a(GPIOCC32XX.c.obj)
                0x2000591c                GPIO_setInterruptConfig
 .text.GPIO_setConfig
                0x200059b8      0x160 C:/ti/simplelink_cc32xx_sdk_7_10_00_13/source\ti/drivers/lib/gcc/m4/drivers_cc32xx.a(GPIOCC32XX.c.obj)
                0x200059b8                GPIO_setConfig
 .text.GPIO_init
                0x20005b18       0xa0 C:/ti/simplelink_cc32xx_sdk_7_10_00_13/source\ti/drivers/lib/gcc/m4/drivers_cc32xx.a(GPIOCC32XX.c.obj)
                0x20005b18                GPIO_init
 .text.powerNotifyFxn
                0x20005bb8       0x84 C:/ti/simplelink_cc32xx_sdk_7_10_00_13/source\ti/drivers/lib/gcc/m4/drivers_cc32xx.a(GPIOCC32XX.c.obj)
 .text.GPIO_toggle
                0x20005c3c       0x5c C:/ti/simplelink_cc32xx_sdk_7_10_00_13/source\ti/drivers/lib/gcc/m4/drivers_cc32xx.a(GPIOCC32XX.c.obj)
                0x20005c3c                GPIO_toggle
 .text.GPIO_write
                0x20005c98       0x8c C:/ti/simplelink_cc32xx_sdk_7_10_00_13/source\ti/drivers/lib/gcc/m4/drivers_cc32xx.a(GPIOCC32XX.c.obj)
                0x20005c98                GPIO_write
 .text.I2C_init
                0x20005d24        0x4 C:/ti/simplelink_cc32xx_sdk_7_10_00_13/source\ti/drivers/lib/gcc/m4/drivers_cc32xx.a(I2C.c.obj)
                0x20005d24                I2C_init
 .text.I2C_Params_init
                0x20005d28        0xc C:/ti/simplelink_cc32xx_sdk_7_10_00_13/source\ti/drivers/lib/gcc/m4/drivers_cc32xx.a(I2C.c.obj)
                0x20005d28                I2C_Params_init
 .text.I2C_transferTimeout
                0x20005d34      0x150 C:/ti/simplelink_cc32xx_sdk_7_10_00_13/source\ti/drivers/lib/gcc/m4/drivers_cc32xx.a(I2C.c.obj)
                0x20005d34                I2C_transferTimeout
 .text.I2C_transfer
                0x20005e84       0x14 C:/ti/simplelink_cc32xx_sdk_7_10_00_13/source\ti/drivers/lib/gcc/m4/drivers_cc32xx.a(I2C.c.obj)
                0x20005e84                I2C_transfer
 .text.I2CCC32XX_blockingCallback
                0x20005e98        0x8 C:/ti/simplelink_cc32xx_sdk_7_10_00_13/source\ti/drivers/lib/gcc/m4/drivers_cc32xx.a(I2CCC32XX.c.obj)
 .text.I2CCC32XX_primeReadBurst.isra.0
                0x20005ea0       0x74 C:/ti/simplelink_cc32xx_sdk_7_10_00_13/source\ti/drivers/lib/gcc/m4/drivers_cc32xx.a(I2CCC32XX.c.obj)
 .text.I2CCC32XX_initHw.isra.0
                0x20005f14       0x70 C:/ti/simplelink_cc32xx_sdk_7_10_00_13/source\ti/drivers/lib/gcc/m4/drivers_cc32xx.a(I2CCC32XX.c.obj)
 .text.I2CCC32XX_postNotify
                0x20005f84       0x10 C:/ti/simplelink_cc32xx_sdk_7_10_00_13/source\ti/drivers/lib/gcc/m4/drivers_cc32xx.a(I2CCC32XX.c.obj)
 .text.I2CCC32XX_primeWriteBurst
                0x20005f94       0xac C:/ti/simplelink_cc32xx_sdk_7_10_00_13/source\ti/drivers/lib/gcc/m4/drivers_cc32xx.a(I2CCC32XX.c.obj)
 .text.I2CCC32XX_completeTransfer
                0x20006040      0x108 C:/ti/simplelink_cc32xx_sdk_7_10_00_13/source\ti/drivers/lib/gcc/m4/drivers_cc32xx.a(I2CCC32XX.c.obj)
 .text.I2CCC32XX_hwiFxn
                0x20006148      0x1a8 C:/ti/simplelink_cc32xx_sdk_7_10_00_13/source\ti/drivers/lib/gcc/m4/drivers_cc32xx.a(I2CCC32XX.c.obj)
 .text.I2CSupport_primeTransfer
                0x200062f0       0x70 C:/ti/simplelink_cc32xx_sdk_7_10_00_13/source\ti/drivers/lib/gcc/m4/drivers_cc32xx.a(I2CCC32XX.c.obj)
                0x200062f0                I2CSupport_primeTransfer
 .text.I2CSupport_controllerFinish
                0x20006360        0x8 C:/ti/simplelink_cc32xx_sdk_7_10_00_13/source\ti/drivers/lib/gcc/m4/drivers_cc32xx.a(I2CCC32XX.c.obj)
                0x20006360                I2CSupport_controllerFinish
 .text.I2CSupport_powerRelConstraint
                0x20006368        0x8 C:/ti/simplelink_cc32xx_sdk_7_10_00_13/source\ti/drivers/lib/gcc/m4/drivers_cc32xx.a(I2CCC32XX.c.obj)
                0x20006368                I2CSupport_powerRelConstraint
 .text.I2CSupport_powerSetConstraint
                0x20006370        0x8 C:/ti/simplelink_cc32xx_sdk_7_10_00_13/source\ti/drivers/lib/gcc/m4/drivers_cc32xx.a(I2CCC32XX.c.obj)
                0x20006370                I2CSupport_powerSetConstraint
 .text.I2C_open
                0x20006378      0x10c C:/ti/simplelink_cc32xx_sdk_7_10_00_13/source\ti/drivers/lib/gcc/m4/drivers_cc32xx.a(I2CCC32XX.c.obj)
                0x20006378                I2C_open
 .text.Power_disablePolicy
                0x20006484       0x14 C:/ti/simplelink_cc32xx_sdk_7_10_00_13/source\ti/drivers/lib/gcc/m4/drivers_cc32xx.a(PowerCC32XX.c.obj)
                0x20006484                Power_disablePolicy
 .text.Power_enablePolicy
                0x20006498       0x10 C:/ti/simplelink_cc32xx_sdk_7_10_00_13/source\ti/drivers/lib/gcc/m4/drivers_cc32xx.a(PowerCC32XX.c.obj)
                0x20006498                Power_enablePolicy
 .text.Power_getConstraintMask
                0x200064a8        0xc C:/ti/simplelink_cc32xx_sdk_7_10_00_13/source\ti/drivers/lib/gcc/m4/drivers_cc32xx.a(PowerCC32XX.c.obj)
                0x200064a8                Power_getConstraintMask
 .text.Power_getTransitionLatency
                0x200064b4       0x14 C:/ti/simplelink_cc32xx_sdk_7_10_00_13/source\ti/drivers/lib/gcc/m4/drivers_cc32xx.a(PowerCC32XX.c.obj)
                0x200064b4                Power_getTransitionLatency
 .text.Power_idleFunc
                0x200064c8       0x14 C:/ti/simplelink_cc32xx_sdk_7_10_00_13/source\ti/drivers/lib/gcc/m4/drivers_cc32xx.a(PowerCC32XX.c.obj)
                0x200064c8                Power_idleFunc
 .text.Power_init
                0x200064dc       0xd8 C:/ti/simplelink_cc32xx_sdk_7_10_00_13/source\ti/drivers/lib/gcc/m4/drivers_cc32xx.a(PowerCC32XX.c.obj)
                0x200064dc                Power_init
 .text.Power_registerNotify
                0x200065b4       0x24 C:/ti/simplelink_cc32xx_sdk_7_10_00_13/source\ti/drivers/lib/gcc/m4/drivers_cc32xx.a(PowerCC32XX.c.obj)
                0x200065b4                Power_registerNotify
 .text.Power_releaseConstraint
                0x200065d8       0x4c C:/ti/simplelink_cc32xx_sdk_7_10_00_13/source\ti/drivers/lib/gcc/m4/drivers_cc32xx.a(PowerCC32XX.c.obj)
                0x200065d8                Power_releaseConstraint
 .text.Power_releaseDependency
                0x20006624       0x54 C:/ti/simplelink_cc32xx_sdk_7_10_00_13/source\ti/drivers/lib/gcc/m4/drivers_cc32xx.a(PowerCC32XX.c.obj)
                0x20006624                Power_releaseDependency
 .text.Power_setConstraint
                0x20006678       0x38 C:/ti/simplelink_cc32xx_sdk_7_10_00_13/source\ti/drivers/lib/gcc/m4/drivers_cc32xx.a(PowerCC32XX.c.obj)
                0x20006678                Power_setConstraint
 .text.Power_setDependency
                0x200066b0       0x78 C:/ti/simplelink_cc32xx_sdk_7_10_00_13/source\ti/drivers/lib/gcc/m4/drivers_cc32xx.a(PowerCC32XX.c.obj)
                0x200066b0                Power_setDependency
 .text.Power_sleep
                0x20006728      0x554 C:/ti/simplelink_cc32xx_sdk_7_10_00_13/source\ti/drivers/lib/gcc/m4/drivers_cc32xx.a(PowerCC32XX.c.obj)
                0x20006728                Power_sleep
 .text.Power_unregisterNotify
                0x20006c7c       0x20 C:/ti/simplelink_cc32xx_sdk_7_10_00_13/source\ti/drivers/lib/gcc/m4/drivers_cc32xx.a(PowerCC32XX.c.obj)
                0x20006c7c                Power_unregisterNotify
 .text.PowerCC32XX_getParkState
                0x20006c9c       0x38 C:/ti/simplelink_cc32xx_sdk_7_10_00_13/source\ti/drivers/lib/gcc/m4/drivers_cc32xx.a(PowerCC32XX.c.obj)
                0x20006c9c                PowerCC32XX_getParkState
 .text.PowerCC32XX_restoreParkState
                0x20006cd4       0x30 C:/ti/simplelink_cc32xx_sdk_7_10_00_13/source\ti/drivers/lib/gcc/m4/drivers_cc32xx.a(PowerCC32XX.c.obj)
                0x20006cd4                PowerCC32XX_restoreParkState
 .text.PowerCC32XX_setParkState
                0x20006d04       0x64 C:/ti/simplelink_cc32xx_sdk_7_10_00_13/source\ti/drivers/lib/gcc/m4/drivers_cc32xx.a(PowerCC32XX.c.obj)
                0x20006d04                PowerCC32XX_setParkState
 .text.PowerCC32XX_reset
                0x20006d68       0x20 C:/ti/simplelink_cc32xx_sdk_7_10_00_13/source\ti/drivers/lib/gcc/m4/drivers_cc32xx.a(PowerCC32XX.c.obj)
                0x20006d68                PowerCC32XX_reset
 .text.Timer_init
                0x20006d88        0x4 C:/ti/simplelink_cc32xx_sdk_7_10_00_13/source\ti/drivers/lib/gcc/m4/drivers_cc32xx.a(Timer.c.obj)
                0x20006d88                Timer_init
 .text.Timer_Params_init
                0x20006d8c       0x10 C:/ti/simplelink_cc32xx_sdk_7_10_00_13/source\ti/drivers/lib/gcc/m4/drivers_cc32xx.a(Timer.c.obj)
                0x20006d8c                Timer_Params_init
 .text.Timer_start
                0x20006d9c       0x48 C:/ti/simplelink_cc32xx_sdk_7_10_00_13/source\ti/drivers/lib/gcc/m4/drivers_cc32xx.a(Timer.c.obj)
                0x20006d9c                Timer_start
 .text.Timer_stop
                0x20006de4       0x44 C:/ti/simplelink_cc32xx_sdk_7_10_00_13/source\ti/drivers/lib/gcc/m4/drivers_cc32xx.a(Timer.c.obj)
                0x20006de4                Timer_stop
 .text.TimerCC32XX_hwiIntFunction
                0x20006e28       0x38 C:/ti/simplelink_cc32xx_sdk_7_10_00_13/source\ti/drivers/lib/gcc/m4/drivers_cc32xx.a(TimerCC32XX.c.obj)
 .text.postNotifyFxn
                0x20006e60       0x58 C:/ti/simplelink_cc32xx_sdk_7_10_00_13/source\ti/drivers/lib/gcc/m4/drivers_cc32xx.a(TimerCC32XX.c.obj)
 .text.Timer_close
                0x20006eb8       0xb4 C:/ti/simplelink_cc32xx_sdk_7_10_00_13/source\ti/drivers/lib/gcc/m4/drivers_cc32xx.a(TimerCC32XX.c.obj)
                0x20006eb8                Timer_close
 .text.Timer_open
                0x20006f6c      0x284 C:/ti/simplelink_cc32xx_sdk_7_10_00_13/source\ti/drivers/lib/gcc/m4/drivers_cc32xx.a(TimerCC32XX.c.obj)
                0x20006f6c                Timer_open
 .text.TimerSupport_timerDisable
                0x200071f0       0x28 C:/ti/simplelink_cc32xx_sdk_7_10_00_13/source\ti/drivers/lib/gcc/m4/drivers_cc32xx.a(TimerCC32XX.c.obj)
                0x200071f0                TimerSupport_timerDisable
 .text.TimerSupport_timerEnable
                0x20007218       0x50 C:/ti/simplelink_cc32xx_sdk_7_10_00_13/source\ti/drivers/lib/gcc/m4/drivers_cc32xx.a(TimerCC32XX.c.obj)
                0x20007218                TimerSupport_timerEnable
 .text.UART2_Params_init
                0x20007268       0x1c C:/ti/simplelink_cc32xx_sdk_7_10_00_13/source\ti/drivers/lib/gcc/m4/drivers_cc32xx.a(UART2.c.obj)
                0x20007268                UART2_Params_init
 .text.UART2_rxDisable
                0x20007284       0x40 C:/ti/simplelink_cc32xx_sdk_7_10_00_13/source\ti/drivers/lib/gcc/m4/drivers_cc32xx.a(UART2.c.obj)
                0x20007284                UART2_rxDisable
 .text.UART2_writeTimeoutBlocking
                0x200072c4      0x174 C:/ti/simplelink_cc32xx_sdk_7_10_00_13/source\ti/drivers/lib/gcc/m4/drivers_cc32xx.a(UART2.c.obj)
                0x200072c4                UART2_writeTimeoutBlocking
 .text.UART2_writeTimeoutNonblocking
                0x20007438      0x124 C:/ti/simplelink_cc32xx_sdk_7_10_00_13/source\ti/drivers/lib/gcc/m4/drivers_cc32xx.a(UART2.c.obj)
                0x20007438                UART2_writeTimeoutNonblocking
 .text.UART2_writeTimeout
                0x2000755c       0x18 C:/ti/simplelink_cc32xx_sdk_7_10_00_13/source\ti/drivers/lib/gcc/m4/drivers_cc32xx.a(UART2.c.obj)
                0x2000755c                UART2_writeTimeout
 .text.UART2_write
                0x20007574       0x14 C:/ti/simplelink_cc32xx_sdk_7_10_00_13/source\ti/drivers/lib/gcc/m4/drivers_cc32xx.a(UART2.c.obj)
                0x20007574                UART2_write
 .text.UART2CC32XX_eventCallback
                0x20007588        0x4 C:/ti/simplelink_cc32xx_sdk_7_10_00_13/source\ti/drivers/lib/gcc/m4/drivers_cc32xx.a(UART2CC32XX.c.obj)
 .text.UART2CC32XX_initHw.isra.0
                0x2000758c       0xd4 C:/ti/simplelink_cc32xx_sdk_7_10_00_13/source\ti/drivers/lib/gcc/m4/drivers_cc32xx.a(UART2CC32XX.c.obj)
 .text.UART2CC32XX_postNotifyFxn
                0x20007660       0x10 C:/ti/simplelink_cc32xx_sdk_7_10_00_13/source\ti/drivers/lib/gcc/m4/drivers_cc32xx.a(UART2CC32XX.c.obj)
 .text.UART2_close
                0x20007670      0x100 C:/ti/simplelink_cc32xx_sdk_7_10_00_13/source\ti/drivers/lib/gcc/m4/drivers_cc32xx.a(UART2CC32XX.c.obj)
                0x20007670                UART2_close
 .text.UART2_open
                0x20007770      0x250 C:/ti/simplelink_cc32xx_sdk_7_10_00_13/source\ti/drivers/lib/gcc/m4/drivers_cc32xx.a(UART2CC32XX.c.obj)
                0x20007770                UART2_open
 .text.UART2Support_disableRx
                0x200079c0       0x24 C:/ti/simplelink_cc32xx_sdk_7_10_00_13/source\ti/drivers/lib/gcc/m4/drivers_cc32xx.a(UART2CC32XX.c.obj)
                0x200079c0                UART2Support_disableRx
 .text.UART2Support_disableTx
                0x200079e4        0xc C:/ti/simplelink_cc32xx_sdk_7_10_00_13/source\ti/drivers/lib/gcc/m4/drivers_cc32xx.a(UART2CC32XX.c.obj)
                0x200079e4                UART2Support_disableTx
 .text.UART2Support_dmaStartTx
                0x200079f0       0xbc C:/ti/simplelink_cc32xx_sdk_7_10_00_13/source\ti/drivers/lib/gcc/m4/drivers_cc32xx.a(UART2CC32XX.c.obj)
                0x200079f0                UART2Support_dmaStartTx
 .text.UART2Support_dmaStopRx
                0x20007aac       0x50 C:/ti/simplelink_cc32xx_sdk_7_10_00_13/source\ti/drivers/lib/gcc/m4/drivers_cc32xx.a(UART2CC32XX.c.obj)
                0x20007aac                UART2Support_dmaStopRx
 .text.UART2Support_dmaStartRx
                0x20007afc       0xd4 C:/ti/simplelink_cc32xx_sdk_7_10_00_13/source\ti/drivers/lib/gcc/m4/drivers_cc32xx.a(UART2CC32XX.c.obj)
                0x20007afc                UART2Support_dmaStartRx
 .text.UART2Support_dmaStopTx
                0x20007bd0       0x64 C:/ti/simplelink_cc32xx_sdk_7_10_00_13/source\ti/drivers/lib/gcc/m4/drivers_cc32xx.a(UART2CC32XX.c.obj)
                0x20007bd0                UART2Support_dmaStopTx
 .text.UART2CC32XX_hwiIntFxn
                0x20007c34      0x2d0 C:/ti/simplelink_cc32xx_sdk_7_10_00_13/source\ti/drivers/lib/gcc/m4/drivers_cc32xx.a(UART2CC32XX.c.obj)
 .text.UART2Support_enableTx
                0x20007f04        0xc C:/ti/simplelink_cc32xx_sdk_7_10_00_13/source\ti/drivers/lib/gcc/m4/drivers_cc32xx.a(UART2CC32XX.c.obj)
                0x20007f04                UART2Support_enableTx
 .text.UART2Support_powerRelConstraint
                0x20007f10        0x8 C:/ti/simplelink_cc32xx_sdk_7_10_00_13/source\ti/drivers/lib/gcc/m4/drivers_cc32xx.a(UART2CC32XX.c.obj)
                0x20007f10                UART2Support_powerRelConstraint
 .text.UART2Support_sendData
                0x20007f18       0x2c C:/ti/simplelink_cc32xx_sdk_7_10_00_13/source\ti/drivers/lib/gcc/m4/drivers_cc32xx.a(UART2CC32XX.c.obj)
                0x20007f18                UART2Support_sendData
 .text.UART2Support_txDone
                0x20007f44       0x10 C:/ti/simplelink_cc32xx_sdk_7_10_00_13/source\ti/drivers/lib/gcc/m4/drivers_cc32xx.a(UART2CC32XX.c.obj)
                0x20007f44                UART2Support_txDone
 .text.List_put
                0x20007f54       0x2c C:/ti/simplelink_cc32xx_sdk_7_10_00_13/source\ti/drivers/lib/gcc/m4/drivers_cc32xx.a(List.c.obj)
                0x20007f54                List_put
 .text.List_remove
                0x20007f80       0x30 C:/ti/simplelink_cc32xx_sdk_7_10_00_13/source\ti/drivers/lib/gcc/m4/drivers_cc32xx.a(List.c.obj)
                0x20007f80                List_remove
 .text.RingBuf_construct
                0x20007fb0       0x14 C:/ti/simplelink_cc32xx_sdk_7_10_00_13/source\ti/drivers/lib/gcc/m4/drivers_cc32xx.a(RingBuf.c.obj)
                0x20007fb0                RingBuf_construct
 .text.RingBuf_getConsume
                0x20007fc4       0x30 C:/ti/simplelink_cc32xx_sdk_7_10_00_13/source\ti/drivers/lib/gcc/m4/drivers_cc32xx.a(RingBuf.c.obj)
                0x20007fc4                RingBuf_getConsume
 .text.RingBuf_getCount
                0x20007ff4        0x4 C:/ti/simplelink_cc32xx_sdk_7_10_00_13/source\ti/drivers/lib/gcc/m4/drivers_cc32xx.a(RingBuf.c.obj)
                0x20007ff4                RingBuf_getCount
 .text.RingBuf_getPointer
                0x20007ff8       0x28 C:/ti/simplelink_cc32xx_sdk_7_10_00_13/source\ti/drivers/lib/gcc/m4/drivers_cc32xx.a(RingBuf.c.obj)
                0x20007ff8                RingBuf_getPointer
 .text.RingBuf_put
                0x20008020       0x48 C:/ti/simplelink_cc32xx_sdk_7_10_00_13/source\ti/drivers/lib/gcc/m4/drivers_cc32xx.a(RingBuf.c.obj)
                0x20008020                RingBuf_put
 .text.RingBuf_putAdvance
                0x20008068       0x3c C:/ti/simplelink_cc32xx_sdk_7_10_00_13/source\ti/drivers/lib/gcc/m4/drivers_cc32xx.a(RingBuf.c.obj)
                0x20008068                RingBuf_putAdvance
 .text.RingBuf_putPointer
                0x200080a4       0x34 C:/ti/simplelink_cc32xx_sdk_7_10_00_13/source\ti/drivers/lib/gcc/m4/drivers_cc32xx.a(RingBuf.c.obj)
                0x200080a4                RingBuf_putPointer
 .text.postNotifyFxn
                0x200080d8       0x14 C:/ti/simplelink_cc32xx_sdk_7_10_00_13/source\ti/drivers/lib/gcc/m4/drivers_cc32xx.a(UDMACC32XX.c.obj)
 .text.UDMACC32XX_close
                0x200080ec       0x40 C:/ti/simplelink_cc32xx_sdk_7_10_00_13/source\ti/drivers/lib/gcc/m4/drivers_cc32xx.a(UDMACC32XX.c.obj)
                0x200080ec                UDMACC32XX_close
 .text.UDMACC32XX_init
                0x2000812c       0x40 C:/ti/simplelink_cc32xx_sdk_7_10_00_13/source\ti/drivers/lib/gcc/m4/drivers_cc32xx.a(UDMACC32XX.c.obj)
                0x2000812c                UDMACC32XX_init
 .text.UDMACC32XX_open
                0x2000816c       0x70 C:/ti/simplelink_cc32xx_sdk_7_10_00_13/source\ti/drivers/lib/gcc/m4/drivers_cc32xx.a(UDMACC32XX.c.obj)
                0x2000816c                UDMACC32XX_open
 .text.NoRTOS_start
                0x200081dc        0x4 C:/ti/simplelink_cc32xx_sdk_7_10_00_13/kernel/nortos\lib/gcc/m4/nortos_cc32xx.a(NoRTOS.c.obj)
                0x200081dc                NoRTOS_start
 .text.clkFxn   0x200081e0        0x4 C:/ti/simplelink_cc32xx_sdk_7_10_00_13/kernel/nortos\lib/gcc/m4/nortos_cc32xx.a(SemaphoreP_nortos.c.obj)
                0x200081e0                clkFxn
 .text.SemaphoreP_constructBinary
                0x200081e4       0x3c C:/ti/simplelink_cc32xx_sdk_7_10_00_13/kernel/nortos\lib/gcc/m4/nortos_cc32xx.a(SemaphoreP_nortos.c.obj)
                0x200081e4                SemaphoreP_constructBinary
 .text.SemaphoreP_createBinary
                0x20008220       0x40 C:/ti/simplelink_cc32xx_sdk_7_10_00_13/kernel/nortos\lib/gcc/m4/nortos_cc32xx.a(SemaphoreP_nortos.c.obj)
                0x20008220                SemaphoreP_createBinary
 .text.SemaphoreP_destruct
                0x20008260        0x4 C:/ti/simplelink_cc32xx_sdk_7_10_00_13/kernel/nortos\lib/gcc/m4/nortos_cc32xx.a(SemaphoreP_nortos.c.obj)
                0x20008260                SemaphoreP_destruct
 .text.SemaphoreP_delete
                0x20008264        0x4 C:/ti/simplelink_cc32xx_sdk_7_10_00_13/kernel/nortos\lib/gcc/m4/nortos_cc32xx.a(SemaphoreP_nortos.c.obj)
                0x20008264                SemaphoreP_delete
 .text.SemaphoreP_pend
                0x20008268       0xfc C:/ti/simplelink_cc32xx_sdk_7_10_00_13/kernel/nortos\lib/gcc/m4/nortos_cc32xx.a(SemaphoreP_nortos.c.obj)
                0x20008268                SemaphoreP_pend
 .text.SemaphoreP_post
                0x20008364       0x44 C:/ti/simplelink_cc32xx_sdk_7_10_00_13/kernel/nortos\lib/gcc/m4/nortos_cc32xx.a(SemaphoreP_nortos.c.obj)
                0x20008364                SemaphoreP_post
 .text.ClockP_sysTickHandler
                0x200083a8       0x7c C:/ti/simplelink_cc32xx_sdk_7_10_00_13/kernel/nortos\lib/gcc/m4/nortos_cc32xx.a(ClockPSysTick_nortos.c.obj)
                0x200083a8                ClockP_sysTickHandler
 .text.ClockP_add
                0x20008424       0x14 C:/ti/simplelink_cc32xx_sdk_7_10_00_13/kernel/nortos\lib/gcc/m4/nortos_cc32xx.a(ClockPSysTick_nortos.c.obj)
                0x20008424                ClockP_add
 .text.ClockP_destruct
                0x20008438       0x44 C:/ti/simplelink_cc32xx_sdk_7_10_00_13/kernel/nortos\lib/gcc/m4/nortos_cc32xx.a(ClockPSysTick_nortos.c.obj)
                0x20008438                ClockP_destruct
 .text.ClockP_doTick
                0x2000847c        0x4 C:/ti/simplelink_cc32xx_sdk_7_10_00_13/kernel/nortos\lib/gcc/m4/nortos_cc32xx.a(ClockPSysTick_nortos.c.obj)
                0x2000847c                ClockP_doTick
 .text.ClockP_getCpuFreq
                0x20008480       0x10 C:/ti/simplelink_cc32xx_sdk_7_10_00_13/kernel/nortos\lib/gcc/m4/nortos_cc32xx.a(ClockPSysTick_nortos.c.obj)
                0x20008480                ClockP_getCpuFreq
 .text.ClockP_getSystemTicks
                0x20008490       0x70 C:/ti/simplelink_cc32xx_sdk_7_10_00_13/kernel/nortos\lib/gcc/m4/nortos_cc32xx.a(ClockPSysTick_nortos.c.obj)
                0x20008490                ClockP_getSystemTicks
 .text.ClockP_getTicksUntilInterrupt
                0x20008500       0x40 C:/ti/simplelink_cc32xx_sdk_7_10_00_13/kernel/nortos\lib/gcc/m4/nortos_cc32xx.a(ClockPSysTick_nortos.c.obj)
                0x20008500                ClockP_getTicksUntilInterrupt
 .text.ClockP_isActive
                0x20008540        0xc C:/ti/simplelink_cc32xx_sdk_7_10_00_13/kernel/nortos\lib/gcc/m4/nortos_cc32xx.a(ClockPSysTick_nortos.c.obj)
                0x20008540                ClockP_isActive
 .text.ClockP_setTicks
                0x2000854c       0x10 C:/ti/simplelink_cc32xx_sdk_7_10_00_13/kernel/nortos\lib/gcc/m4/nortos_cc32xx.a(ClockPSysTick_nortos.c.obj)
                0x2000854c                ClockP_setTicks
 .text.ClockP_start
                0x2000855c       0xa8 C:/ti/simplelink_cc32xx_sdk_7_10_00_13/kernel/nortos\lib/gcc/m4/nortos_cc32xx.a(ClockPSysTick_nortos.c.obj)
                0x2000855c                ClockP_start
 .text.ClockP_startup
                0x20008604       0x68 C:/ti/simplelink_cc32xx_sdk_7_10_00_13/kernel/nortos\lib/gcc/m4/nortos_cc32xx.a(ClockPSysTick_nortos.c.obj)
                0x20008604                ClockP_startup
 .text.HwiP_dispatch
                0x2000866c       0x1c C:/ti/simplelink_cc32xx_sdk_7_10_00_13/kernel/nortos\lib/gcc/m4/nortos_cc32xx.a(HwiPCC32XX_nortos.c.obj)
                0x2000866c                HwiP_dispatch
 .text.HwiP_enable
                0x20008688        0x4 C:/ti/simplelink_cc32xx_sdk_7_10_00_13/kernel/nortos\lib/gcc/m4/nortos_cc32xx.a(HwiPCC32XX_nortos.c.obj)
                0x20008688                HwiP_enable
 .text.HwiP_disable
                0x2000868c        0x8 C:/ti/simplelink_cc32xx_sdk_7_10_00_13/kernel/nortos\lib/gcc/m4/nortos_cc32xx.a(HwiPCC32XX_nortos.c.obj)
                0x2000868c                HwiP_disable
 .text.HwiP_restore
                0x20008694        0x8 C:/ti/simplelink_cc32xx_sdk_7_10_00_13/kernel/nortos\lib/gcc/m4/nortos_cc32xx.a(HwiPCC32XX_nortos.c.obj)
                0x20008694                HwiP_restore
 .text.HwiP_clearInterrupt
                0x2000869c        0x4 C:/ti/simplelink_cc32xx_sdk_7_10_00_13/kernel/nortos\lib/gcc/m4/nortos_cc32xx.a(HwiPCC32XX_nortos.c.obj)
                0x2000869c                HwiP_clearInterrupt
 .text.HwiP_destruct
                0x200086a0       0x14 C:/ti/simplelink_cc32xx_sdk_7_10_00_13/kernel/nortos\lib/gcc/m4/nortos_cc32xx.a(HwiPCC32XX_nortos.c.obj)
                0x200086a0                HwiP_destruct
 .text.HwiP_delete
                0x200086b4       0x1c C:/ti/simplelink_cc32xx_sdk_7_10_00_13/kernel/nortos\lib/gcc/m4/nortos_cc32xx.a(HwiPCC32XX_nortos.c.obj)
                0x200086b4                HwiP_delete
 .text.HwiP_disableInterrupt
                0x200086d0        0x4 C:/ti/simplelink_cc32xx_sdk_7_10_00_13/kernel/nortos\lib/gcc/m4/nortos_cc32xx.a(HwiPCC32XX_nortos.c.obj)
                0x200086d0                HwiP_disableInterrupt
 .text.HwiP_enableInterrupt
                0x200086d4        0x4 C:/ti/simplelink_cc32xx_sdk_7_10_00_13/kernel/nortos\lib/gcc/m4/nortos_cc32xx.a(HwiPCC32XX_nortos.c.obj)
                0x200086d4                HwiP_enableInterrupt
 .text.HwiP_interruptsEnabled
                0x200086d8       0x10 C:/ti/simplelink_cc32xx_sdk_7_10_00_13/kernel/nortos\lib/gcc/m4/nortos_cc32xx.a(HwiPCC32XX_nortos.c.obj)
                0x200086d8                HwiP_interruptsEnabled
 .text.HwiP_construct
                0x200086e8       0x8c C:/ti/simplelink_cc32xx_sdk_7_10_00_13/kernel/nortos\lib/gcc/m4/nortos_cc32xx.a(HwiPCC32XX_nortos.c.obj)
                0x200086e8                HwiP_construct
 .text.HwiP_create
                0x20008774       0x90 C:/ti/simplelink_cc32xx_sdk_7_10_00_13/kernel/nortos\lib/gcc/m4/nortos_cc32xx.a(HwiPCC32XX_nortos.c.obj)
                0x20008774                HwiP_create
 .text.HwiP_Params_init
                0x20008804       0x14 C:/ti/simplelink_cc32xx_sdk_7_10_00_13/kernel/nortos\lib/gcc/m4/nortos_cc32xx.a(HwiPCC32XX_nortos.c.obj)
                0x20008804                HwiP_Params_init
 .text.HwiP_post
                0x20008818        0x4 C:/ti/simplelink_cc32xx_sdk_7_10_00_13/kernel/nortos\lib/gcc/m4/nortos_cc32xx.a(HwiPCC32XX_nortos.c.obj)
                0x20008818                HwiP_post
 .text.HwiP_inISR
                0x2000881c       0x10 C:/ti/simplelink_cc32xx_sdk_7_10_00_13/kernel/nortos\lib/gcc/m4/nortos_cc32xx.a(HwiPCC32XX_nortos.c.obj)
                0x2000881c                HwiP_inISR
 .text.PowerCC32XX_initPolicy
                0x2000882c        0x4 C:/ti/simplelink_cc32xx_sdk_7_10_00_13/kernel/nortos\lib/gcc/m4/nortos_cc32xx.a(PowerCC32XX_nortos.c.obj)
                0x2000882c                PowerCC32XX_initPolicy
 .text.PowerCC32XX_sleepPolicy
                0x20008830      0x220 C:/ti/simplelink_cc32xx_sdk_7_10_00_13/kernel/nortos\lib/gcc/m4/nortos_cc32xx.a(PowerCC32XX_nortos.c.obj)
                0x20008830                PowerCC32XX_sleepPolicy
 .text.nmiISR   0x20008a50        0x4 C:/ti/simplelink_cc32xx_sdk_7_10_00_13/kernel/nortos\lib/gcc/m4/nortos_cc32xx.a(startup_cc32xx_gcc.c.obj)
 .text.faultISR
                0x20008a54        0x4 C:/ti/simplelink_cc32xx_sdk_7_10_00_13/kernel/nortos\lib/gcc/m4/nortos_cc32xx.a(startup_cc32xx_gcc.c.obj)
 .text.busFaultHandler
                0x20008a58        0x4 C:/ti/simplelink_cc32xx_sdk_7_10_00_13/kernel/nortos\lib/gcc/m4/nortos_cc32xx.a(startup_cc32xx_gcc.c.obj)
 .text.defaultHandler
                0x20008a5c        0x4 C:/ti/simplelink_cc32xx_sdk_7_10_00_13/kernel/nortos\lib/gcc/m4/nortos_cc32xx.a(startup_cc32xx_gcc.c.obj)
 .text.resetISR
                0x20008a60       0x14 C:/ti/simplelink_cc32xx_sdk_7_10_00_13/kernel/nortos\lib/gcc/m4/nortos_cc32xx.a(startup_cc32xx_gcc.c.obj)
                0x20008a60                resetISR
 .text.localProgramStart
                0x20008a74       0xc4 C:/ti/simplelink_cc32xx_sdk_7_10_00_13/kernel/nortos\lib/gcc/m4/nortos_cc32xx.a(startup_cc32xx_gcc.c.obj)
                0x20008a74                localProgramStart
 .text._fini    0x20008b38        0x4 C:/ti/simplelink_cc32xx_sdk_7_10_00_13/kernel/nortos\lib/gcc/m4/nortos_cc32xx.a(startup_cc32xx_gcc.c.obj)
                0x20008b38                _fini
 .text.SwiP_disable
                0x20008b3c       0x1c C:/ti/simplelink_cc32xx_sdk_7_10_00_13/kernel/nortos\lib/gcc/m4/nortos_cc32xx.a(SwiP_nortos.c.obj)
                0x20008b3c                SwiP_disable
 .text.SwiP_restore
                0x20008b58       0x48 C:/ti/simplelink_cc32xx_sdk_7_10_00_13/kernel/nortos\lib/gcc/m4/nortos_cc32xx.a(SwiP_nortos.c.obj)
                0x20008b58                SwiP_restore
 .text.CPUcpsid
                0x20008ba0       0x16 C:/ti/simplelink_cc32xx_sdk_7_10_00_13/source\ti/devices/cc32xx/driverlib/gcc/Release/driverlib.a(cpu.obj)
                0x20008ba0                CPUcpsid
 .text.CPUprimask
                0x20008bb6        0xc C:/ti/simplelink_cc32xx_sdk_7_10_00_13/source\ti/devices/cc32xx/driverlib/gcc/Release/driverlib.a(cpu.obj)
                0x20008bb6                CPUprimask
 .text.CPUcpsie
                0x20008bc2       0x16 C:/ti/simplelink_cc32xx_sdk_7_10_00_13/source\ti/devices/cc32xx/driverlib/gcc/Release/driverlib.a(cpu.obj)
                0x20008bc2                CPUcpsie
 .text.CPUwfi   0x20008bd8        0xe C:/ti/simplelink_cc32xx_sdk_7_10_00_13/source\ti/devices/cc32xx/driverlib/gcc/Release/driverlib.a(cpu.obj)
                0x20008bd8                CPUwfi
 .text.GPIODirModeSet
                0x20008be6       0x46 C:/ti/simplelink_cc32xx_sdk_7_10_00_13/source\ti/devices/cc32xx/driverlib/gcc/Release/driverlib.a(gpio.obj)
                0x20008be6                GPIODirModeSet
 .text.GPIOIntTypeSet
                0x20008c2c       0xa2 C:/ti/simplelink_cc32xx_sdk_7_10_00_13/source\ti/devices/cc32xx/driverlib/gcc/Release/driverlib.a(gpio.obj)
                0x20008c2c                GPIOIntTypeSet
 .text.GPIOIntEnable
                0x20008cce       0x2a C:/ti/simplelink_cc32xx_sdk_7_10_00_13/source\ti/devices/cc32xx/driverlib/gcc/Release/driverlib.a(gpio.obj)
                0x20008cce                GPIOIntEnable
 .text.GPIOIntDisable
                0x20008cf8       0x2a C:/ti/simplelink_cc32xx_sdk_7_10_00_13/source\ti/devices/cc32xx/driverlib/gcc/Release/driverlib.a(gpio.obj)
                0x20008cf8                GPIOIntDisable
 .text.GPIOIntStatus
                0x20008d22       0x2e C:/ti/simplelink_cc32xx_sdk_7_10_00_13/source\ti/devices/cc32xx/driverlib/gcc/Release/driverlib.a(gpio.obj)
                0x20008d22                GPIOIntStatus
 .text.GPIOIntClear
                0x20008d50       0x20 C:/ti/simplelink_cc32xx_sdk_7_10_00_13/source\ti/devices/cc32xx/driverlib/gcc/Release/driverlib.a(gpio.obj)
                0x20008d50                GPIOIntClear
 .text.GPIOPinRead
                0x20008d70       0x22 C:/ti/simplelink_cc32xx_sdk_7_10_00_13/source\ti/devices/cc32xx/driverlib/gcc/Release/driverlib.a(gpio.obj)
                0x20008d70                GPIOPinRead
 .text.GPIOPinWrite
                0x20008d92       0x2a C:/ti/simplelink_cc32xx_sdk_7_10_00_13/source\ti/devices/cc32xx/driverlib/gcc/Release/driverlib.a(gpio.obj)
                0x20008d92                GPIOPinWrite
 .text.I2CMasterInitExpClk
                0x20008dbc       0x9c C:/ti/simplelink_cc32xx_sdk_7_10_00_13/source\ti/devices/cc32xx/driverlib/gcc/Release/driverlib.a(i2c.obj)
                0x20008dbc                I2CMasterInitExpClk
 .text.I2CMasterEnable
                0x20008e58       0x22 C:/ti/simplelink_cc32xx_sdk_7_10_00_13/source\ti/devices/cc32xx/driverlib/gcc/Release/driverlib.a(i2c.obj)
                0x20008e58                I2CMasterEnable
 .text.I2CMasterDisable
                0x20008e7a       0x22 C:/ti/simplelink_cc32xx_sdk_7_10_00_13/source\ti/devices/cc32xx/driverlib/gcc/Release/driverlib.a(i2c.obj)
                0x20008e7a                I2CMasterDisable
 .text.I2CMasterIntEnableEx
                0x20008e9c       0x26 C:/ti/simplelink_cc32xx_sdk_7_10_00_13/source\ti/devices/cc32xx/driverlib/gcc/Release/driverlib.a(i2c.obj)
                0x20008e9c                I2CMasterIntEnableEx
 .text.I2CMasterIntDisableEx
                0x20008ec2       0x26 C:/ti/simplelink_cc32xx_sdk_7_10_00_13/source\ti/devices/cc32xx/driverlib/gcc/Release/driverlib.a(i2c.obj)
                0x20008ec2                I2CMasterIntDisableEx
 .text.I2CMasterIntStatusEx
                0x20008ee8       0x2a C:/ti/simplelink_cc32xx_sdk_7_10_00_13/source\ti/devices/cc32xx/driverlib/gcc/Release/driverlib.a(i2c.obj)
                0x20008ee8                I2CMasterIntStatusEx
 .text.I2CMasterIntClearEx
                0x20008f12       0x1e C:/ti/simplelink_cc32xx_sdk_7_10_00_13/source\ti/devices/cc32xx/driverlib/gcc/Release/driverlib.a(i2c.obj)
                0x20008f12                I2CMasterIntClearEx
 .text.I2CMasterSlaveAddrSet
                0x20008f30       0x26 C:/ti/simplelink_cc32xx_sdk_7_10_00_13/source\ti/devices/cc32xx/driverlib/gcc/Release/driverlib.a(i2c.obj)
                0x20008f30                I2CMasterSlaveAddrSet
 .text.I2CMasterBusBusy
                0x20008f56       0x26 C:/ti/simplelink_cc32xx_sdk_7_10_00_13/source\ti/devices/cc32xx/driverlib/gcc/Release/driverlib.a(i2c.obj)
                0x20008f56                I2CMasterBusBusy
 .text.I2CMasterControl
                0x20008f7c       0x1e C:/ti/simplelink_cc32xx_sdk_7_10_00_13/source\ti/devices/cc32xx/driverlib/gcc/Release/driverlib.a(i2c.obj)
                0x20008f7c                I2CMasterControl
 .text.I2CMasterTimeoutSet
                0x20008f9a       0x1e C:/ti/simplelink_cc32xx_sdk_7_10_00_13/source\ti/devices/cc32xx/driverlib/gcc/Release/driverlib.a(i2c.obj)
                0x20008f9a                I2CMasterTimeoutSet
 .text.I2CTxFIFOConfigSet
                0x20008fb8       0x3e C:/ti/simplelink_cc32xx_sdk_7_10_00_13/source\ti/devices/cc32xx/driverlib/gcc/Release/driverlib.a(i2c.obj)
                0x20008fb8                I2CTxFIFOConfigSet
 .text.I2CTxFIFOFlush
                0x20008ff6       0x26 C:/ti/simplelink_cc32xx_sdk_7_10_00_13/source\ti/devices/cc32xx/driverlib/gcc/Release/driverlib.a(i2c.obj)
                0x20008ff6                I2CTxFIFOFlush
 .text.I2CRxFIFOConfigSet
                0x2000901c       0x3e C:/ti/simplelink_cc32xx_sdk_7_10_00_13/source\ti/devices/cc32xx/driverlib/gcc/Release/driverlib.a(i2c.obj)
                0x2000901c                I2CRxFIFOConfigSet
 .text.I2CRxFIFOFlush
                0x2000905a       0x26 C:/ti/simplelink_cc32xx_sdk_7_10_00_13/source\ti/devices/cc32xx/driverlib/gcc/Release/driverlib.a(i2c.obj)
                0x2000905a                I2CRxFIFOFlush
 .text.I2CFIFOStatus
                0x20009080       0x1a C:/ti/simplelink_cc32xx_sdk_7_10_00_13/source\ti/devices/cc32xx/driverlib/gcc/Release/driverlib.a(i2c.obj)
                0x20009080                I2CFIFOStatus
 .text.I2CFIFODataPutNonBlocking
                0x2000909a       0x38 C:/ti/simplelink_cc32xx_sdk_7_10_00_13/source\ti/devices/cc32xx/driverlib/gcc/Release/driverlib.a(i2c.obj)
                0x2000909a                I2CFIFODataPutNonBlocking
 .text.I2CFIFODataGetNonBlocking
                0x200090d2       0x38 C:/ti/simplelink_cc32xx_sdk_7_10_00_13/source\ti/devices/cc32xx/driverlib/gcc/Release/driverlib.a(i2c.obj)
                0x200090d2                I2CFIFODataGetNonBlocking
 .text.I2CMasterBurstLengthSet
                0x2000910a       0x20 C:/ti/simplelink_cc32xx_sdk_7_10_00_13/source\ti/devices/cc32xx/driverlib/gcc/Release/driverlib.a(i2c.obj)
                0x2000910a                I2CMasterBurstLengthSet
 .text.IntDefaultHandler
                0x2000912a        0x6 C:/ti/simplelink_cc32xx_sdk_7_10_00_13/source\ti/devices/cc32xx/driverlib/gcc/Release/driverlib.a(interrupt.obj)
 .text.IntMasterEnable
                0x20009130       0x10 C:/ti/simplelink_cc32xx_sdk_7_10_00_13/source\ti/devices/cc32xx/driverlib/gcc/Release/driverlib.a(interrupt.obj)
                0x20009130                IntMasterEnable
 .text.IntMasterDisable
                0x20009140       0x10 C:/ti/simplelink_cc32xx_sdk_7_10_00_13/source\ti/devices/cc32xx/driverlib/gcc/Release/driverlib.a(interrupt.obj)
                0x20009140                IntMasterDisable
 .text.IntVTableBaseSet
                0x20009150       0x1c C:/ti/simplelink_cc32xx_sdk_7_10_00_13/source\ti/devices/cc32xx/driverlib/gcc/Release/driverlib.a(interrupt.obj)
                0x20009150                IntVTableBaseSet
 .text.IntRegister
                0x2000916c       0x2c C:/ti/simplelink_cc32xx_sdk_7_10_00_13/source\ti/devices/cc32xx/driverlib/gcc/Release/driverlib.a(interrupt.obj)
                0x2000916c                IntRegister
 .text.IntUnregister
                0x20009198       0x2c C:/ti/simplelink_cc32xx_sdk_7_10_00_13/source\ti/devices/cc32xx/driverlib/gcc/Release/driverlib.a(interrupt.obj)
                0x20009198                IntUnregister
 .text.IntPrioritySet
                0x200091c4       0x68 C:/ti/simplelink_cc32xx_sdk_7_10_00_13/source\ti/devices/cc32xx/driverlib/gcc/Release/driverlib.a(interrupt.obj)
                0x200091c4                IntPrioritySet
 .text.IntEnable
                0x2000922c       0xbc C:/ti/simplelink_cc32xx_sdk_7_10_00_13/source\ti/devices/cc32xx/driverlib/gcc/Release/driverlib.a(interrupt.obj)
                0x2000922c                IntEnable
 .text.IntDisable
                0x200092e8       0xbc C:/ti/simplelink_cc32xx_sdk_7_10_00_13/source\ti/devices/cc32xx/driverlib/gcc/Release/driverlib.a(interrupt.obj)
                0x200092e8                IntDisable
 .text.IntPendSet
                0x200093a4       0x9c C:/ti/simplelink_cc32xx_sdk_7_10_00_13/source\ti/devices/cc32xx/driverlib/gcc/Release/driverlib.a(interrupt.obj)
                0x200093a4                IntPendSet
 .text.IntPendClear
                0x20009440       0x68 C:/ti/simplelink_cc32xx_sdk_7_10_00_13/source\ti/devices/cc32xx/driverlib/gcc/Release/driverlib.a(interrupt.obj)
                0x20009440                IntPendClear
 .text.PinModeSet
                0x200094a8       0x48 C:/ti/simplelink_cc32xx_sdk_7_10_00_13/source\ti/devices/cc32xx/driverlib/gcc/Release/driverlib.a(pin.obj)
                0x200094a8                PinModeSet
 .text.PinModeGet
                0x200094f0       0x3c C:/ti/simplelink_cc32xx_sdk_7_10_00_13/source\ti/devices/cc32xx/driverlib/gcc/Release/driverlib.a(pin.obj)
                0x200094f0                PinModeGet
 .text.PinDirModeSet
                0x2000952c       0x44 C:/ti/simplelink_cc32xx_sdk_7_10_00_13/source\ti/devices/cc32xx/driverlib/gcc/Release/driverlib.a(pin.obj)
                0x2000952c                PinDirModeSet
 .text.PinDirModeGet
                0x20009570       0x3c C:/ti/simplelink_cc32xx_sdk_7_10_00_13/source\ti/devices/cc32xx/driverlib/gcc/Release/driverlib.a(pin.obj)
                0x20009570                PinDirModeGet
 .text.PinConfigGet
                0x200095ac       0x50 C:/ti/simplelink_cc32xx_sdk_7_10_00_13/source\ti/devices/cc32xx/driverlib/gcc/Release/driverlib.a(pin.obj)
                0x200095ac                PinConfigGet
 .text.PinConfigSet
                0x200095fc       0x9c C:/ti/simplelink_cc32xx_sdk_7_10_00_13/source\ti/devices/cc32xx/driverlib/gcc/Release/driverlib.a(pin.obj)
                0x200095fc                PinConfigSet
 .text.PinTypeUART
                0x20009698       0x24 C:/ti/simplelink_cc32xx_sdk_7_10_00_13/source\ti/devices/cc32xx/driverlib/gcc/Release/driverlib.a(pin.obj)
                0x20009698                PinTypeUART
 .text.PinTypeI2C
                0x200096bc       0x26 C:/ti/simplelink_cc32xx_sdk_7_10_00_13/source\ti/devices/cc32xx/driverlib/gcc/Release/driverlib.a(pin.obj)
                0x200096bc                PinTypeI2C
 *fill*         0x200096e2        0x2 
 .text.PinLockLevelSet
                0x200096e4       0x68 C:/ti/simplelink_cc32xx_sdk_7_10_00_13/source\ti/devices/cc32xx/driverlib/gcc/Release/driverlib.a(pin.obj)
                0x200096e4                PinLockLevelSet
 .text.PinLock  0x2000974c       0x40 C:/ti/simplelink_cc32xx_sdk_7_10_00_13/source\ti/devices/cc32xx/driverlib/gcc/Release/driverlib.a(pin.obj)
                0x2000974c                PinLock
 .text.PinUnlock
                0x2000978c       0x2c C:/ti/simplelink_cc32xx_sdk_7_10_00_13/source\ti/devices/cc32xx/driverlib/gcc/Release/driverlib.a(pin.obj)
                0x2000978c                PinUnlock
 .text.PinToPadGet
                0x200097b8       0x24 C:/ti/simplelink_cc32xx_sdk_7_10_00_13/source\ti/devices/cc32xx/driverlib/gcc/Release/driverlib.a(pin.obj)
                0x200097b8                PinToPadGet
 .text.PRCMSysResetCauseGet
                0x200097dc       0x78 C:/ti/simplelink_cc32xx_sdk_7_10_00_13/source\ti/devices/cc32xx/driverlib/gcc/Release/driverlib.a(prcm.obj)
                0x200097dc                PRCMSysResetCauseGet
 .text.PRCMPeripheralClkEnable
                0x20009854       0x6c C:/ti/simplelink_cc32xx_sdk_7_10_00_13/source\ti/devices/cc32xx/driverlib/gcc/Release/driverlib.a(prcm.obj)
                0x20009854                PRCMPeripheralClkEnable
 .text.PRCMPeripheralClkDisable
                0x200098c0       0x48 C:/ti/simplelink_cc32xx_sdk_7_10_00_13/source\ti/devices/cc32xx/driverlib/gcc/Release/driverlib.a(prcm.obj)
                0x200098c0                PRCMPeripheralClkDisable
 .text.PRCMPeripheralReset
                0x20009908       0x8c C:/ti/simplelink_cc32xx_sdk_7_10_00_13/source\ti/devices/cc32xx/driverlib/gcc/Release/driverlib.a(prcm.obj)
                0x20009908                PRCMPeripheralReset
 .text.PRCMPeripheralStatusGet
                0x20009994       0x40 C:/ti/simplelink_cc32xx_sdk_7_10_00_13/source\ti/devices/cc32xx/driverlib/gcc/Release/driverlib.a(prcm.obj)
                0x20009994                PRCMPeripheralStatusGet
 .text.PRCMLPDSRestoreInfoSet
                0x200099d4       0x50 C:/ti/simplelink_cc32xx_sdk_7_10_00_13/source\ti/devices/cc32xx/driverlib/gcc/Release/driverlib.a(prcm.obj)
                0x200099d4                PRCMLPDSRestoreInfoSet
 .text.PRCMLPDSEnter
                0x20009a24       0x50 C:/ti/simplelink_cc32xx_sdk_7_10_00_13/source\ti/devices/cc32xx/driverlib/gcc/Release/driverlib.a(prcm.obj)
                0x20009a24                PRCMLPDSEnter
 .text.PRCMLPDSEnterKeepDebugIf
                0x20009a74       0x40 C:/ti/simplelink_cc32xx_sdk_7_10_00_13/source\ti/devices/cc32xx/driverlib/gcc/Release/driverlib.a(prcm.obj)
                0x20009a74                PRCMLPDSEnterKeepDebugIf
 .text.PRCMLPDSWakeupSourceEnable
                0x20009ab4       0x30 C:/ti/simplelink_cc32xx_sdk_7_10_00_13/source\ti/devices/cc32xx/driverlib/gcc/Release/driverlib.a(prcm.obj)
                0x20009ab4                PRCMLPDSWakeupSourceEnable
 .text.PRCMLPDSWakeupSourceDisable
                0x20009ae4       0x24 C:/ti/simplelink_cc32xx_sdk_7_10_00_13/source\ti/devices/cc32xx/driverlib/gcc/Release/driverlib.a(prcm.obj)
                0x20009ae4                PRCMLPDSWakeupSourceDisable
 .text.PRCMLPDSWakeupCauseGet
                0x20009b08       0x14 C:/ti/simplelink_cc32xx_sdk_7_10_00_13/source\ti/devices/cc32xx/driverlib/gcc/Release/driverlib.a(prcm.obj)
                0x20009b08                PRCMLPDSWakeupCauseGet
 .text.PRCMLPDSIntervalSet
                0x20009b1c       0x34 C:/ti/simplelink_cc32xx_sdk_7_10_00_13/source\ti/devices/cc32xx/driverlib/gcc/Release/driverlib.a(prcm.obj)
                0x20009b1c                PRCMLPDSIntervalSet
 .text.PRCMLPDSWakeUpGPIOSelect
                0x20009b50       0x2c C:/ti/simplelink_cc32xx_sdk_7_10_00_13/source\ti/devices/cc32xx/driverlib/gcc/Release/driverlib.a(prcm.obj)
                0x20009b50                PRCMLPDSWakeUpGPIOSelect
 .text.PRCMSleepEnter
                0x20009b7c        0xc C:/ti/simplelink_cc32xx_sdk_7_10_00_13/source\ti/devices/cc32xx/driverlib/gcc/Release/driverlib.a(prcm.obj)
                0x20009b7c                PRCMSleepEnter
 .text.PRCMSRAMRetentionEnable
                0x20009b88       0x2c C:/ti/simplelink_cc32xx_sdk_7_10_00_13/source\ti/devices/cc32xx/driverlib/gcc/Release/driverlib.a(prcm.obj)
                0x20009b88                PRCMSRAMRetentionEnable
 .text.PRCMHibernateWakeupSourceEnable
                0x20009bb4       0x50 C:/ti/simplelink_cc32xx_sdk_7_10_00_13/source\ti/devices/cc32xx/driverlib/gcc/Release/driverlib.a(prcm.obj)
                0x20009bb4                PRCMHibernateWakeupSourceEnable
 .text.PRCMHibernateWakeupSourceDisable
                0x20009c04       0x54 C:/ti/simplelink_cc32xx_sdk_7_10_00_13/source\ti/devices/cc32xx/driverlib/gcc/Release/driverlib.a(prcm.obj)
                0x20009c04                PRCMHibernateWakeupSourceDisable
 .text.PRCMHibernateWakeUpGPIOSelect
                0x20009c58       0x74 C:/ti/simplelink_cc32xx_sdk_7_10_00_13/source\ti/devices/cc32xx/driverlib/gcc/Release/driverlib.a(prcm.obj)
                0x20009c58                PRCMHibernateWakeUpGPIOSelect
 .text.PRCMSlowClkCtrFastGet
                0x20009ccc       0x5c C:/ti/simplelink_cc32xx_sdk_7_10_00_13/source\ti/devices/cc32xx/driverlib/gcc/Release/driverlib.a(prcm.obj)
                0x20009ccc                PRCMSlowClkCtrFastGet
 .text.PRCMIntEnable
                0x20009d28       0x48 C:/ti/simplelink_cc32xx_sdk_7_10_00_13/source\ti/devices/cc32xx/driverlib/gcc/Release/driverlib.a(prcm.obj)
                0x20009d28                PRCMIntEnable
 .text.PRCMCC3200MCUInit
                0x20009d70      0x478 C:/ti/simplelink_cc32xx_sdk_7_10_00_13/source\ti/devices/cc32xx/driverlib/gcc/Release/driverlib.a(prcm.obj)
                0x20009d70                PRCMCC3200MCUInit
 .text.PRCMHIBRegRead
                0x2000a1e8       0x20 C:/ti/simplelink_cc32xx_sdk_7_10_00_13/source\ti/devices/cc32xx/driverlib/gcc/Release/driverlib.a(prcm.obj)
                0x2000a1e8                PRCMHIBRegRead
 .text.PRCMHIBRegWrite
                0x2000a208       0x20 C:/ti/simplelink_cc32xx_sdk_7_10_00_13/source\ti/devices/cc32xx/driverlib/gcc/Release/driverlib.a(prcm.obj)
                0x2000a208                PRCMHIBRegWrite
 .text.SysTickEnable
                0x2000a228       0x1c C:/ti/simplelink_cc32xx_sdk_7_10_00_13/source\ti/devices/cc32xx/driverlib/gcc/Release/driverlib.a(systick.obj)
                0x2000a228                SysTickEnable
 .text.SysTickIntEnable
                0x2000a244       0x1c C:/ti/simplelink_cc32xx_sdk_7_10_00_13/source\ti/devices/cc32xx/driverlib/gcc/Release/driverlib.a(systick.obj)
                0x2000a244                SysTickIntEnable
 .text.SysTickIntDisable
                0x2000a260       0x1c C:/ti/simplelink_cc32xx_sdk_7_10_00_13/source\ti/devices/cc32xx/driverlib/gcc/Release/driverlib.a(systick.obj)
                0x2000a260                SysTickIntDisable
 .text.SysTickPeriodSet
                0x2000a27c       0x20 C:/ti/simplelink_cc32xx_sdk_7_10_00_13/source\ti/devices/cc32xx/driverlib/gcc/Release/driverlib.a(systick.obj)
                0x2000a27c                SysTickPeriodSet
 .text.TimerEnable
                0x2000a29c       0x2a C:/ti/simplelink_cc32xx_sdk_7_10_00_13/source\ti/devices/cc32xx/driverlib/gcc/Release/driverlib.a(timer.obj)
                0x2000a29c                TimerEnable
 .text.TimerDisable
                0x2000a2c6       0x2c C:/ti/simplelink_cc32xx_sdk_7_10_00_13/source\ti/devices/cc32xx/driverlib/gcc/Release/driverlib.a(timer.obj)
                0x2000a2c6                TimerDisable
 .text.TimerControlStall
                0x2000a2f2       0x46 C:/ti/simplelink_cc32xx_sdk_7_10_00_13/source\ti/devices/cc32xx/driverlib/gcc/Release/driverlib.a(timer.obj)
                0x2000a2f2                TimerControlStall
 .text.TimerPrescaleSet
                0x2000a338       0x3c C:/ti/simplelink_cc32xx_sdk_7_10_00_13/source\ti/devices/cc32xx/driverlib/gcc/Release/driverlib.a(timer.obj)
                0x2000a338                TimerPrescaleSet
 .text.TimerLoadSet
                0x2000a374       0x3c C:/ti/simplelink_cc32xx_sdk_7_10_00_13/source\ti/devices/cc32xx/driverlib/gcc/Release/driverlib.a(timer.obj)
                0x2000a374                TimerLoadSet
 .text.TimerIntEnable
                0x2000a3b0       0x26 C:/ti/simplelink_cc32xx_sdk_7_10_00_13/source\ti/devices/cc32xx/driverlib/gcc/Release/driverlib.a(timer.obj)
                0x2000a3b0                TimerIntEnable
 .text.TimerIntDisable
                0x2000a3d6       0x26 C:/ti/simplelink_cc32xx_sdk_7_10_00_13/source\ti/devices/cc32xx/driverlib/gcc/Release/driverlib.a(timer.obj)
                0x2000a3d6                TimerIntDisable
 .text.TimerIntClear
                0x2000a3fc       0x1e C:/ti/simplelink_cc32xx_sdk_7_10_00_13/source\ti/devices/cc32xx/driverlib/gcc/Release/driverlib.a(timer.obj)
                0x2000a3fc                TimerIntClear
 .text.UARTFIFOLevelSet
                0x2000a41a       0x24 C:/ti/simplelink_cc32xx_sdk_7_10_00_13/source\ti/devices/cc32xx/driverlib/gcc/Release/driverlib.a(uart.obj)
                0x2000a41a                UARTFIFOLevelSet
 .text.UARTConfigSetExpClk
                0x2000a43e       0x92 C:/ti/simplelink_cc32xx_sdk_7_10_00_13/source\ti/devices/cc32xx/driverlib/gcc/Release/driverlib.a(uart.obj)
                0x2000a43e                UARTConfigSetExpClk
 .text.UARTEnable
                0x2000a4d0       0x36 C:/ti/simplelink_cc32xx_sdk_7_10_00_13/source\ti/devices/cc32xx/driverlib/gcc/Release/driverlib.a(uart.obj)
                0x2000a4d0                UARTEnable
 .text.UARTDisable
                0x2000a506       0x46 C:/ti/simplelink_cc32xx_sdk_7_10_00_13/source\ti/devices/cc32xx/driverlib/gcc/Release/driverlib.a(uart.obj)
                0x2000a506                UARTDisable
 .text.UARTFlowControlSet
                0x2000a54c       0x2a C:/ti/simplelink_cc32xx_sdk_7_10_00_13/source\ti/devices/cc32xx/driverlib/gcc/Release/driverlib.a(uart.obj)
                0x2000a54c                UARTFlowControlSet
 .text.UARTCharsAvail
                0x2000a576       0x26 C:/ti/simplelink_cc32xx_sdk_7_10_00_13/source\ti/devices/cc32xx/driverlib/gcc/Release/driverlib.a(uart.obj)
                0x2000a576                UARTCharsAvail
 .text.UARTCharPutNonBlocking
                0x2000a59c       0x30 C:/ti/simplelink_cc32xx_sdk_7_10_00_13/source\ti/devices/cc32xx/driverlib/gcc/Release/driverlib.a(uart.obj)
                0x2000a59c                UARTCharPutNonBlocking
 .text.UARTBusy
                0x2000a5cc       0x26 C:/ti/simplelink_cc32xx_sdk_7_10_00_13/source\ti/devices/cc32xx/driverlib/gcc/Release/driverlib.a(uart.obj)
                0x2000a5cc                UARTBusy
 .text.UARTIntEnable
                0x2000a5f2       0x26 C:/ti/simplelink_cc32xx_sdk_7_10_00_13/source\ti/devices/cc32xx/driverlib/gcc/Release/driverlib.a(uart.obj)
                0x2000a5f2                UARTIntEnable
 .text.UARTIntDisable
                0x2000a618       0x26 C:/ti/simplelink_cc32xx_sdk_7_10_00_13/source\ti/devices/cc32xx/driverlib/gcc/Release/driverlib.a(uart.obj)
                0x2000a618                UARTIntDisable
 .text.UARTIntStatus
                0x2000a63e       0x2a C:/ti/simplelink_cc32xx_sdk_7_10_00_13/source\ti/devices/cc32xx/driverlib/gcc/Release/driverlib.a(uart.obj)
                0x2000a63e                UARTIntStatus
 .text.UARTIntClear
                0x2000a668       0x1e C:/ti/simplelink_cc32xx_sdk_7_10_00_13/source\ti/devices/cc32xx/driverlib/gcc/Release/driverlib.a(uart.obj)
                0x2000a668                UARTIntClear
 .text.UARTDMAEnable
                0x2000a686       0x26 C:/ti/simplelink_cc32xx_sdk_7_10_00_13/source\ti/devices/cc32xx/driverlib/gcc/Release/driverlib.a(uart.obj)
                0x2000a686                UARTDMAEnable
 .text.UARTDMADisable
                0x2000a6ac       0x26 C:/ti/simplelink_cc32xx_sdk_7_10_00_13/source\ti/devices/cc32xx/driverlib/gcc/Release/driverlib.a(uart.obj)
                0x2000a6ac                UARTDMADisable
 .text.UARTRxErrorGet
                0x2000a6d2       0x1c C:/ti/simplelink_cc32xx_sdk_7_10_00_13/source\ti/devices/cc32xx/driverlib/gcc/Release/driverlib.a(uart.obj)
                0x2000a6d2                UARTRxErrorGet
 *fill*         0x2000a6ee        0x2 
 .text.uDMAEnable
                0x2000a6f0       0x18 C:/ti/simplelink_cc32xx_sdk_7_10_00_13/source\ti/devices/cc32xx/driverlib/gcc/Release/driverlib.a(udma.obj)
                0x2000a6f0                uDMAEnable
 .text.uDMAErrorStatusGet
                0x2000a708       0x14 C:/ti/simplelink_cc32xx_sdk_7_10_00_13/source\ti/devices/cc32xx/driverlib/gcc/Release/driverlib.a(udma.obj)
                0x2000a708                uDMAErrorStatusGet
 .text.uDMAErrorStatusClear
                0x2000a71c       0x18 C:/ti/simplelink_cc32xx_sdk_7_10_00_13/source\ti/devices/cc32xx/driverlib/gcc/Release/driverlib.a(udma.obj)
                0x2000a71c                uDMAErrorStatusClear
 .text.uDMAChannelEnable
                0x2000a734       0x24 C:/ti/simplelink_cc32xx_sdk_7_10_00_13/source\ti/devices/cc32xx/driverlib/gcc/Release/driverlib.a(udma.obj)
                0x2000a734                uDMAChannelEnable
 .text.uDMAChannelDisable
                0x2000a758       0x24 C:/ti/simplelink_cc32xx_sdk_7_10_00_13/source\ti/devices/cc32xx/driverlib/gcc/Release/driverlib.a(udma.obj)
                0x2000a758                uDMAChannelDisable
 .text.uDMAChannelIsEnabled
                0x2000a77c       0x34 C:/ti/simplelink_cc32xx_sdk_7_10_00_13/source\ti/devices/cc32xx/driverlib/gcc/Release/driverlib.a(udma.obj)
                0x2000a77c                uDMAChannelIsEnabled
 .text.uDMAControlBaseSet
                0x2000a7b0       0x1c C:/ti/simplelink_cc32xx_sdk_7_10_00_13/source\ti/devices/cc32xx/driverlib/gcc/Release/driverlib.a(udma.obj)
                0x2000a7b0                uDMAControlBaseSet
 .text.uDMAChannelAttributeDisable
                0x2000a7cc       0x7c C:/ti/simplelink_cc32xx_sdk_7_10_00_13/source\ti/devices/cc32xx/driverlib/gcc/Release/driverlib.a(udma.obj)
                0x2000a7cc                uDMAChannelAttributeDisable
 .text.uDMAChannelControlSet
                0x2000a848       0x48 C:/ti/simplelink_cc32xx_sdk_7_10_00_13/source\ti/devices/cc32xx/driverlib/gcc/Release/driverlib.a(udma.obj)
                0x2000a848                uDMAChannelControlSet
 .text.uDMAChannelTransferSet
                0x2000a890      0x104 C:/ti/simplelink_cc32xx_sdk_7_10_00_13/source\ti/devices/cc32xx/driverlib/gcc/Release/driverlib.a(udma.obj)
                0x2000a890                uDMAChannelTransferSet
 .text.uDMAChannelSizeGet
                0x2000a994       0x48 C:/ti/simplelink_cc32xx_sdk_7_10_00_13/source\ti/devices/cc32xx/driverlib/gcc/Release/driverlib.a(udma.obj)
                0x2000a994                uDMAChannelSizeGet
 .text.uDMAIntClear
                0x2000a9dc       0x1c C:/ti/simplelink_cc32xx_sdk_7_10_00_13/source\ti/devices/cc32xx/driverlib/gcc/Release/driverlib.a(udma.obj)
                0x2000a9dc                uDMAIntClear
 .text.uDMAChannelAssign
                0x2000a9f8       0x58 C:/ti/simplelink_cc32xx_sdk_7_10_00_13/source\ti/devices/cc32xx/driverlib/gcc/Release/driverlib.a(udma.obj)
                0x2000a9f8                uDMAChannelAssign
 .text.UtilsDelay
                0x2000aa50        0xa C:/ti/simplelink_cc32xx_sdk_7_10_00_13/source\ti/devices/cc32xx/driverlib/gcc/Release/driverlib.a(utils.obj)
                0x2000aa50                UtilsDelay
 *fill*         0x2000aa5a        0x2 
 .text.FlashDisable
                0x2000aa5c       0x50 C:/ti/simplelink_cc32xx_sdk_7_10_00_13/source\ti/devices/cc32xx/driverlib/gcc/Release/driverlib.a(flash.obj)
                0x2000aa5c                FlashDisable
 .text.malloc   0x2000aaac       0x10 c:/ti/ccs1000/ccs/tools/compiler/gcc-arm-none-eabi-7-2017-q4-major-win32/bin/../lib/gcc/arm-none-eabi/7.2.1/../../../../arm-none-eabi/lib/thumb/v7e-m\libc_nano.a(lib_a-malloc.o)
                0x2000aaac                malloc
 .text.free     0x2000aabc       0x10 c:/ti/ccs1000/ccs/tools/compiler/gcc-arm-none-eabi-7-2017-q4-major-win32/bin/../lib/gcc/arm-none-eabi/7.2.1/../../../../arm-none-eabi/lib/thumb/v7e-m\libc_nano.a(lib_a-malloc.o)
                0x2000aabc                free
 .text.memcpy   0x2000aacc       0x16 c:/ti/ccs1000/ccs/tools/compiler/gcc-arm-none-eabi-7-2017-q4-major-win32/bin/../lib/gcc/arm-none-eabi/7.2.1/../../../../arm-none-eabi/lib/thumb/v7e-m\libc_nano.a(lib_a-memcpy-stub.o)
                0x2000aacc                memcpy
 .text.memset   0x2000aae2       0x10 c:/ti/ccs1000/ccs/tools/compiler/gcc-arm-none-eabi-7-2017-q4-major-win32/bin/../lib/gcc/arm-none-eabi/7.2.1/../../../../arm-none-eabi/lib/thumb/v7e-m\libc_nano.a(lib_a-memset.o)
                0x2000aae2                memset
 *fill*         0x2000aaf2        0x2 
 .text._free_r  0x2000aaf4       0x9c c:/ti/ccs1000/ccs/tools/compiler/gcc-arm-none-eabi-7-2017-q4-major-win32/bin/../lib/gcc/arm-none-eabi/7.2.1/../../../../arm-none-eabi/lib/thumb/v7e-m\libc_nano.a(lib_a-nano-freer.o)
                0x2000aaf4                _free_r
 .text._malloc_r
                0x2000ab90       0xb4 c:/ti/ccs1000/ccs/tools/compiler/gcc-arm-none-eabi-7-2017-q4-major-win32/bin/../lib/gcc/arm-none-eabi/7.2.1/../../../../arm-none-eabi/lib/thumb/v7e-m\libc_nano.a(lib_a-nano-mallocr.o)
                0x2000ab90                _malloc_r
 .text._sbrk_r  0x2000ac44       0x20 c:/ti/ccs1000/ccs/tools/compiler/gcc-arm-none-eabi-7-2017-q4-major-win32/bin/../lib/gcc/arm-none-eabi/7.2.1/../../../../arm-none-eabi/lib/thumb/v7e-m\libc_nano.a(lib_a-sbrkr.o)
                0x2000ac44                _sbrk_r
 .text.snprintf
                0x2000ac64       0x68 c:/ti/ccs1000/ccs/tools/compiler/gcc-arm-none-eabi-7-2017-q4-major-win32/bin/../lib/gcc/arm-none-eabi/7.2.1/../../../../arm-none-eabi/lib/thumb/v7e-m\libc_nano.a(lib_a-snprintf.o)
                0x2000ac64                sniprintf
                0x2000ac64                snprintf
 .text.__malloc_lock
                0x2000accc        0x2 c:/ti/ccs1000/ccs/tools/compiler/gcc-arm-none-eabi-7-2017-q4-major-win32/bin/../lib/gcc/arm-none-eabi/7.2.1/../../../../arm-none-eabi/lib/thumb/v7e-m\libc_nano.a(lib_a-mlock.o)
                0x2000accc                __malloc_lock
 .text.__malloc_unlock
                0x2000acce        0x2 c:/ti/ccs1000/ccs/tools/compiler/gcc-arm-none-eabi-7-2017-q4-major-win32/bin/../lib/gcc/arm-none-eabi/7.2.1/../../../../arm-none-eabi/lib/thumb/v7e-m\libc_nano.a(lib_a-mlock.o)
                0x2000acce                __malloc_unlock
 .text.__ssputs_r
                0x2000acd0       0xb4 c:/ti/ccs1000/ccs/tools/compiler/gcc-arm-none-eabi-7-2017-q4-major-win32/bin/../lib/gcc/arm-none-eabi/7.2.1/../../../../arm-none-eabi/lib/thumb/v7e-m\libc_nano.a(lib_a-nano-svfprintf.o)
                0x2000acd0                __ssputs_r
 .text._svfprintf_r
                0x2000ad84      0x1ec c:/ti/ccs1000/ccs/tools/compiler/gcc-arm-none-eabi-7-2017-q4-major-win32/bin/../lib/gcc/arm-none-eabi/7.2.1/../../../../arm-none-eabi/lib/thumb/v7e-m\libc_nano.a(lib_a-nano-svfprintf.o)
                0x2000ad84                _svfiprintf_r
                0x2000ad84                _svfprintf_r
 .text._printf_common
                0x2000af70       0xea c:/ti/ccs1000/ccs/tools/compiler/gcc-arm-none-eabi-7-2017-q4-major-win32/bin/../lib/gcc/arm-none-eabi/7.2.1/../../../../arm-none-eabi/lib/thumb/v7e-m\libc_nano.a(lib_a-nano-vfprintf_i.o)
                0x2000af70                _printf_common
 *fill*         0x2000b05a        0x2 
 .text._printf_i
                0x2000b05c      0x224 c:/ti/ccs1000/ccs/tools/compiler/gcc-arm-none-eabi-7-2017-q4-major-win32/bin/../lib/gcc/arm-none-eabi/7.2.1/../../../../arm-none-eabi/lib/thumb/v7e-m\libc_nano.a(lib_a-nano-vfprintf_i.o)
                0x2000b05c                _printf_i
 .text.memmove  0x2000b280       0x32 c:/ti/ccs1000/ccs/tools/compiler/gcc-arm-none-eabi-7-2017-q4-major-win32/bin/../lib/gcc/arm-none-eabi/7.2.1/../../../../arm-none-eabi/lib/thumb/v7e-m\libc_nano.a(lib_a-memmove.o)
                0x2000b280                memmove
 .text._realloc_r
                0x2000b2b2       0x4c c:/ti/ccs1000/ccs/tools/compiler/gcc-arm-none-eabi-7-2017-q4-major-win32/bin/../lib/gcc/arm-none-eabi/7.2.1/../../../../arm-none-eabi/lib/thumb/v7e-m\libc_nano.a(lib_a-nano-reallocr.o)
                0x2000b2b2                _realloc_r
 .text._malloc_usable_size_r
                0x2000b2fe       0x10 c:/ti/ccs1000/ccs/tools/compiler/gcc-arm-none-eabi-7-2017-q4-major-win32/bin/../lib/gcc/arm-none-eabi/7.2.1/../../../../arm-none-eabi/lib/thumb/v7e-m\libc_nano.a(lib_a-nano-msizer.o)
                0x2000b2fe                _malloc_usable_size_r
 *fill*         0x2000b30e        0x2 
 .text._sbrk    0x2000b310       0x1c c:/ti/ccs1000/ccs/tools/compiler/gcc-arm-none-eabi-7-2017-q4-major-win32/bin/../lib/gcc/arm-none-eabi/7.2.1/../../../../arm-none-eabi/lib/thumb/v7e-m\libnosys.a(sbrk.o)
                0x2000b310                _sbrk
                0x2000b32c                . = ALIGN (0x4)
 *(.ctors)
                0x2000b32c                . = ALIGN (0x4)
 *(.dtors)
                0x2000b32c                . = ALIGN (0x4)
                0x2000b32c                __init_array_start = .
 *(.init_array*)
                0x2000b32c                __init_array_end = .
 *(.init)
 *(.fini*)
                [!provide]                PROVIDE (__etext, .)
                [!provide]                PROVIDE (_etext, .)
                [!provide]                PROVIDE (etext, .)

.glue_7         0x2000b32c        0x0
 .glue_7        0x2000b32c        0x0 linker stubs

.glue_7t        0x2000b32c        0x0
 .glue_7t       0x2000b32c        0x0 linker stubs

.vfp11_veneer   0x2000b32c        0x0
 .vfp11_veneer  0x2000b32c        0x0 linker stubs

.v4_bx          0x2000b32c        0x0
 .v4_bx         0x2000b32c        0x0 linker stubs

.iplt           0x2000b32c        0x0
 .iplt          0x2000b32c        0x0 ./gpiointerrupt.o

.rodata         0x2000b32c      0x62b
 *(.rodata)
 .rodata        0x2000b32c       0x30 ./gpiointerrupt.o
 *(.rodata*)
 .rodata.getAmbientTemp.str1.4
                0x2000b35c       0x70 ./gpiointerrupt.o
 .rodata.initI2C.str1.4
                0x2000b3cc       0xaa ./gpiointerrupt.o
 *fill*         0x2000b476        0x2 
 .rodata.sensors
                0x2000b478       0x18 ./gpiointerrupt.o
 .rodata.setHeatMode.str1.4
                0x2000b490       0x16 ./gpiointerrupt.o
 *fill*         0x2000b4a6        0x2 
 .rodata.str1.4
                0x2000b4a8        0xc ./gpiointerrupt.o
 .rodata.GPIO_config
                0x2000b4b4       0x10 ./syscfg/ti_drivers_config.o
                0x2000b4b4                GPIO_config
 .rodata.GPIO_pinUpperBound
                0x2000b4c4        0x1 ./syscfg/ti_drivers_config.o
                0x2000b4c4                GPIO_pinUpperBound
 *fill*         0x2000b4c5        0x3 
 .rodata.I2C_config
                0x2000b4c8        0x8 ./syscfg/ti_drivers_config.o
                0x2000b4c8                I2C_config
 .rodata.I2C_count
                0x2000b4d0        0x1 ./syscfg/ti_drivers_config.o
                0x2000b4d0                I2C_count
 *fill*         0x2000b4d1        0x3 
 .rodata.PowerCC32XX_config
                0x2000b4d4       0x44 ./syscfg/ti_drivers_config.o
                0x2000b4d4                PowerCC32XX_config
 .rodata.Timer_config
                0x2000b518        0x8 ./syscfg/ti_drivers_config.o
                0x2000b518                Timer_config
 .rodata.Timer_count
                0x2000b520        0x1 ./syscfg/ti_drivers_config.o
                0x2000b520                Timer_count
 *fill*         0x2000b521        0x3 
 .rodata.UART2_config
                0x2000b524        0x8 ./syscfg/ti_drivers_config.o
                0x2000b524                UART2_config
 .rodata.UART2_count
                0x2000b52c        0x1 ./syscfg/ti_drivers_config.o
                0x2000b52c                UART2_count
 *fill*         0x2000b52d        0x3 
 .rodata.UDMACC32XX_config
                0x2000b530        0x8 ./syscfg/ti_drivers_config.o
                0x2000b530                UDMACC32XX_config
 .rodata.i2cCC32XXHWAttrs
                0x2000b538       0x14 ./syscfg/ti_drivers_config.o
                0x2000b538                i2cCC32XXHWAttrs
 .rodata.timerCC32XXHWAttrs
                0x2000b54c       0x10 ./syscfg/ti_drivers_config.o
                0x2000b54c                timerCC32XXHWAttrs
 .rodata.uart2CC32XXHWAttrs0
                0x2000b55c       0x38 ./syscfg/ti_drivers_config.o
 .rodata.udmaCC3220SHWAttrs
                0x2000b594        0xc ./syscfg/ti_drivers_config.o
                0x2000b594                udmaCC3220SHWAttrs
 .rodata.pinTable
                0x2000b5a0       0x21 C:/ti/simplelink_cc32xx_sdk_7_10_00_13/source\ti/drivers/lib/gcc/m4/drivers_cc32xx.a(GPIOCC32XX.c.obj)
 *fill*         0x2000b5c1        0x3 
 .rodata.portConfigs
                0x2000b5c4       0x28 C:/ti/simplelink_cc32xx_sdk_7_10_00_13/source\ti/drivers/lib/gcc/m4/drivers_cc32xx.a(GPIOCC32XX.c.obj)
 .rodata.I2C_defaultParams
                0x2000b5ec       0x10 C:/ti/simplelink_cc32xx_sdk_7_10_00_13/source\ti/drivers/lib/gcc/m4/drivers_cc32xx.a(I2CCC32XX.c.obj)
 .rodata.defaultParams
                0x2000b5fc        0xc C:/ti/simplelink_cc32xx_sdk_7_10_00_13/source\ti/drivers/lib/gcc/m4/drivers_cc32xx.a(Timer.c.obj)
 .rodata.defaultParams
                0x2000b608        0xc C:/ti/simplelink_cc32xx_sdk_7_10_00_13/source\ti/drivers/lib/gcc/m4/drivers_cc32xx.a(TimerCC32XX.c.obj)
 .rodata.UART2_defaultParams
                0x2000b614       0x24 C:/ti/simplelink_cc32xx_sdk_7_10_00_13/source\ti/drivers/lib/gcc/m4/drivers_cc32xx.a(UART2.c.obj)
                0x2000b614                UART2_defaultParams
 .rodata.dataLength
                0x2000b638        0x4 C:/ti/simplelink_cc32xx_sdk_7_10_00_13/source\ti/drivers/lib/gcc/m4/drivers_cc32xx.a(UART2CC32XX.c.obj)
 .rodata.parityType
                0x2000b63c        0x5 C:/ti/simplelink_cc32xx_sdk_7_10_00_13/source\ti/drivers/lib/gcc/m4/drivers_cc32xx.a(UART2CC32XX.c.obj)
 *fill*         0x2000b641        0x3 
 .rodata.stopBits
                0x2000b644        0x2 C:/ti/simplelink_cc32xx_sdk_7_10_00_13/source\ti/drivers/lib/gcc/m4/drivers_cc32xx.a(UART2CC32XX.c.obj)
 *fill*         0x2000b646        0x2 
 .rodata.g_pulRegs
                0x2000b648       0xd4 C:/ti/simplelink_cc32xx_sdk_7_10_00_13/source\ti/devices/cc32xx/driverlib/gcc/Release/driverlib.a(interrupt.obj)
 .rodata.g_pulEnRegs
                0x2000b71c       0x18 C:/ti/simplelink_cc32xx_sdk_7_10_00_13/source\ti/devices/cc32xx/driverlib/gcc/Release/driverlib.a(interrupt.obj)
 .rodata.g_pulDisRegs
                0x2000b734       0x18 C:/ti/simplelink_cc32xx_sdk_7_10_00_13/source\ti/devices/cc32xx/driverlib/gcc/Release/driverlib.a(interrupt.obj)
 .rodata.g_pulPendRegs
                0x2000b74c       0x18 C:/ti/simplelink_cc32xx_sdk_7_10_00_13/source\ti/devices/cc32xx/driverlib/gcc/Release/driverlib.a(interrupt.obj)
 .rodata.g_pulUnpendRegs
                0x2000b764       0x18 C:/ti/simplelink_cc32xx_sdk_7_10_00_13/source\ti/devices/cc32xx/driverlib/gcc/Release/driverlib.a(interrupt.obj)
 .rodata.g_ulPinToPadMap
                0x2000b77c      0x100 C:/ti/simplelink_cc32xx_sdk_7_10_00_13/source\ti/devices/cc32xx/driverlib/gcc/Release/driverlib.a(pin.obj)
 .rodata.PRCM_PeriphRegsList
                0x2000b87c       0xa8 C:/ti/simplelink_cc32xx_sdk_7_10_00_13/source\ti/devices/cc32xx/driverlib/gcc/Release/driverlib.a(prcm.obj)
 .rodata._svfprintf_r.str1.1
                0x2000b924       0x11 c:/ti/ccs1000/ccs/tools/compiler/gcc-arm-none-eabi-7-2017-q4-major-win32/bin/../lib/gcc/arm-none-eabi/7.2.1/../../../../arm-none-eabi/lib/thumb/v7e-m\libc_nano.a(lib_a-nano-svfprintf.o)
 .rodata._printf_i.str1.1
                0x2000b935       0x22 c:/ti/ccs1000/ccs/tools/compiler/gcc-arm-none-eabi-7-2017-q4-major-win32/bin/../lib/gcc/arm-none-eabi/7.2.1/../../../../arm-none-eabi/lib/thumb/v7e-m\libc_nano.a(lib_a-nano-vfprintf_i.o)

.data           0x2000b958      0x360
                0x2000b958                __data_load__ = LOADADDR (.data)
                0x2000b958                __data_start__ = .
 *(.data)
 *(.data*)
 .data.setPoint
                0x2000b958        0x2 ./gpiointerrupt.o
                0x2000b958                setPoint
 *fill*         0x2000b95a        0x2 
 .data.gpioPinConfigs
                0x2000b95c       0x84 ./syscfg/ti_drivers_config.o
                0x2000b95c                gpioPinConfigs
 .data.parkInfo
                0x2000b9e0       0xf8 ./syscfg/ti_drivers_config.o
                0x2000b9e0                parkInfo
 .data.PowerCC32XX_module
                0x2000bad8      0x16c C:/ti/simplelink_cc32xx_sdk_7_10_00_13/source\ti/drivers/lib/gcc/m4/drivers_cc32xx.a(PowerCC32XX.c.obj)
                0x2000bad8                PowerCC32XX_module
 .data.SemaphoreP_defaultParams
                0x2000bc44        0x8 C:/ti/simplelink_cc32xx_sdk_7_10_00_13/kernel/nortos\lib/gcc/m4/nortos_cc32xx.a(SemaphoreP_nortos.c.obj)
                0x2000bc44                SemaphoreP_defaultParams
 .data.ClockP_tickPeriod
                0x2000bc4c        0x4 C:/ti/simplelink_cc32xx_sdk_7_10_00_13/kernel/nortos\lib/gcc/m4/nortos_cc32xx.a(ClockPSysTick_nortos.c.obj)
                0x2000bc4c                ClockP_tickPeriod
 .data.HwiP_swiPIntNum
                0x2000bc50        0x4 C:/ti/simplelink_cc32xx_sdk_7_10_00_13/kernel/nortos\lib/gcc/m4/nortos_cc32xx.a(HwiPCC32XX_nortos.c.obj)
                0x2000bc50                HwiP_swiPIntNum
 .data._impure_ptr
                0x2000bc54        0x4 c:/ti/ccs1000/ccs/tools/compiler/gcc-arm-none-eabi-7-2017-q4-major-win32/bin/../lib/gcc/arm-none-eabi/7.2.1/../../../../arm-none-eabi/lib/thumb/v7e-m\libc_nano.a(lib_a-impure.o)
                0x2000bc54                _impure_ptr
 .data.impure_data
                0x2000bc58       0x60 c:/ti/ccs1000/ccs/tools/compiler/gcc-arm-none-eabi-7-2017-q4-major-win32/bin/../lib/gcc/arm-none-eabi/7.2.1/../../../../arm-none-eabi/lib/thumb/v7e-m\libc_nano.a(lib_a-impure.o)
                0x2000bcb8                . = ALIGN (0x4)
                0x2000bcb8                __data_end__ = .

.igot.plt       0x2000bcb8        0x0
 .igot.plt      0x2000bcb8        0x0 ./gpiointerrupt.o

.ARM.exidx      0x2000bcb8        0x8
                0x2000bcb8                __exidx_start = .
 *(.ARM.exidx* .gnu.linkonce.armexidx.*)
 .ARM.exidx     0x2000bcb8        0x8 c:/ti/ccs1000/ccs/tools/compiler/gcc-arm-none-eabi-7-2017-q4-major-win32/bin/../lib/gcc/arm-none-eabi/7.2.1/thumb/v7e-m\libgcc.a(_udivmoddi4.o)
                0x2000bcc0                __exidx_end = .

.rel.dyn        0x2000bcc0        0x0
 .rel.iplt      0x2000bcc0        0x0 ./gpiointerrupt.o

.ARM.extab
 *(.ARM.extab* .gnu.linkonce.armextab.*)

.bss            0x2000c000     0x116c
                0x2000c000                __bss_start__ = .
 *(.shbss)
 *(.bss)
 *(.bss.*)
 .bss.TimerFlag
                0x2000c000        0x1 ./gpiointerrupt.o
                0x2000c000                TimerFlag
 *fill*         0x2000c001        0x1 
 .bss.ambientTemp
                0x2000c002        0x2 ./gpiointerrupt.o
                0x2000c002                ambientTemp
 .bss.seconds   0x2000c004        0x4 ./gpiointerrupt.o
                0x2000c004                seconds
 *fill*         0x2000c008      0x3f8 
 .bss.dmaControlTable
                0x2000c400      0x400 ./syscfg/ti_drivers_config.o
 .bss.uart2RxRingBuffer0
                0x2000c800       0x20 ./syscfg/ti_drivers_config.o
 .bss.uart2TxRingBuffer0
                0x2000c820       0x20 ./syscfg/ti_drivers_config.o
 .bss.initCalled
                0x2000c840        0x1 C:/ti/simplelink_cc32xx_sdk_7_10_00_13/source\ti/drivers/lib/gcc/m4/drivers_cc32xx.a(GPIOCC32XX.c.obj)
 *fill*         0x2000c841        0x3 
 .bss.initSem.4818
                0x2000c844        0x4 C:/ti/simplelink_cc32xx_sdk_7_10_00_13/source\ti/drivers/lib/gcc/m4/drivers_cc32xx.a(GPIOCC32XX.c.obj)
 .bss.portHwiCreatedBitMask
                0x2000c848        0x1 C:/ti/simplelink_cc32xx_sdk_7_10_00_13/source\ti/drivers/lib/gcc/m4/drivers_cc32xx.a(GPIOCC32XX.c.obj)
 *fill*         0x2000c849        0x3 
 .bss.powerNotifyObj
                0x2000c84c       0x14 C:/ti/simplelink_cc32xx_sdk_7_10_00_13/source\ti/drivers/lib/gcc/m4/drivers_cc32xx.a(GPIOCC32XX.c.obj)
 .bss.timerState
                0x2000c860        0x4 C:/ti/simplelink_cc32xx_sdk_7_10_00_13/source\ti/drivers/lib/gcc/m4/drivers_cc32xx.a(TimerCC32XX.c.obj)
 .bss.dmaInitialized
                0x2000c864        0x1 C:/ti/simplelink_cc32xx_sdk_7_10_00_13/source\ti/drivers/lib/gcc/m4/drivers_cc32xx.a(UDMACC32XX.c.obj)
 *fill*         0x2000c865        0x3 
 .bss.postNotifyObj
                0x2000c868       0x14 C:/ti/simplelink_cc32xx_sdk_7_10_00_13/source\ti/drivers/lib/gcc/m4/drivers_cc32xx.a(UDMACC32XX.c.obj)
 .bss.refCount  0x2000c87c        0x4 C:/ti/simplelink_cc32xx_sdk_7_10_00_13/source\ti/drivers/lib/gcc/m4/drivers_cc32xx.a(UDMACC32XX.c.obj)
 .bss.SemaphoreP_initialized
                0x2000c880        0x1 C:/ti/simplelink_cc32xx_sdk_7_10_00_13/kernel/nortos\lib/gcc/m4/nortos_cc32xx.a(SemaphoreP_nortos.c.obj)
 .bss.doEnablePolicy
                0x2000c881        0x1 C:/ti/simplelink_cc32xx_sdk_7_10_00_13/kernel/nortos\lib/gcc/m4/nortos_cc32xx.a(SemaphoreP_nortos.c.obj)
 .bss.pendInProgress
                0x2000c882        0x1 C:/ti/simplelink_cc32xx_sdk_7_10_00_13/kernel/nortos\lib/gcc/m4/nortos_cc32xx.a(SemaphoreP_nortos.c.obj)
 .bss.ClockP_initialized
                0x2000c883        0x1 C:/ti/simplelink_cc32xx_sdk_7_10_00_13/kernel/nortos\lib/gcc/m4/nortos_cc32xx.a(ClockPSysTick_nortos.c.obj)
 .bss.sysTickPeriod
                0x2000c884        0x4 C:/ti/simplelink_cc32xx_sdk_7_10_00_13/kernel/nortos\lib/gcc/m4/nortos_cc32xx.a(ClockPSysTick_nortos.c.obj)
 .bss.HwiP_dispatchTable
                0x2000c888      0x30c C:/ti/simplelink_cc32xx_sdk_7_10_00_13/kernel/nortos\lib/gcc/m4/nortos_cc32xx.a(HwiPCC32XX_nortos.c.obj)
 .bss.SwiP_lockState
                0x2000cb94        0x4 C:/ti/simplelink_cc32xx_sdk_7_10_00_13/kernel/nortos\lib/gcc/m4/nortos_cc32xx.a(SwiP_nortos.c.obj)
 .bss.SwiP_readyMask
                0x2000cb98        0x4 C:/ti/simplelink_cc32xx_sdk_7_10_00_13/kernel/nortos\lib/gcc/m4/nortos_cc32xx.a(SwiP_nortos.c.obj)
 .bss.SwiP_schedulerRunning
                0x2000cb9c        0x1 C:/ti/simplelink_cc32xx_sdk_7_10_00_13/kernel/nortos\lib/gcc/m4/nortos_cc32xx.a(SwiP_nortos.c.obj)
 *fill*         0x2000cb9d        0x3 
 .bss.__malloc_free_list
                0x2000cba0        0x4 c:/ti/ccs1000/ccs/tools/compiler/gcc-arm-none-eabi-7-2017-q4-major-win32/bin/../lib/gcc/arm-none-eabi/7.2.1/../../../../arm-none-eabi/lib/thumb/v7e-m\libc_nano.a(lib_a-nano-mallocr.o)
                0x2000cba0                __malloc_free_list
 .bss.__malloc_sbrk_start
                0x2000cba4        0x4 c:/ti/ccs1000/ccs/tools/compiler/gcc-arm-none-eabi-7-2017-q4-major-win32/bin/../lib/gcc/arm-none-eabi/7.2.1/../../../../arm-none-eabi/lib/thumb/v7e-m\libc_nano.a(lib_a-nano-mallocr.o)
                0x2000cba4                __malloc_sbrk_start
 .bss.heap_end.4102
                0x2000cba8        0x4 c:/ti/ccs1000/ccs/tools/compiler/gcc-arm-none-eabi-7-2017-q4-major-win32/bin/../lib/gcc/arm-none-eabi/7.2.1/../../../../arm-none-eabi/lib/thumb/v7e-m\libnosys.a(sbrk.o)
 *(COMMON)
 COMMON         0x2000cbac       0x78 ./gpiointerrupt.o
                0x2000cbac                timer0
                0x2000cbb0                output
                0x2000cbf0                i2cTransaction
                0x2000cc10                i2c
                0x2000cc14                rxBuffer
                0x2000cc18                bytesToSend
                0x2000cc1c                txBuffer
                0x2000cc1d                BUTTON_STATE
                0x2000cc20                uart
 COMMON         0x2000cc24      0x408 ./syscfg/ti_drivers_config.o
                0x2000cc24                gpioCallbackFunctions
                0x2000cca8                uart2CC32XXObjects0
                0x2000ce20                udmaCC3220SObject
                0x2000ce28                timerCC32XXObjects
                0x2000ceac                i2cCC32XXObjects
                0x2000cfa8                gpioUserArgs
 COMMON         0x2000d02c      0x12c C:/ti/simplelink_cc32xx_sdk_7_10_00_13/source\ti/drivers/lib/gcc/m4/drivers_cc32xx.a(PowerCC32XX.c.obj)
                0x2000d02c                PowerCC32XX_contextSave
 COMMON         0x2000d158       0x10 C:/ti/simplelink_cc32xx_sdk_7_10_00_13/kernel/nortos\lib/gcc/m4/nortos_cc32xx.a(ClockPSysTick_nortos.c.obj)
                0x2000d158                ClockP_ctrl
 COMMON         0x2000d168        0x4 c:/ti/ccs1000/ccs/tools/compiler/gcc-arm-none-eabi-7-2017-q4-major-win32/bin/../lib/gcc/arm-none-eabi/7.2.1/../../../../arm-none-eabi/lib/thumb/v7e-m\libc_nano.a(lib_a-reent.o)
                0x2000d168                errno
                0x2000d16c                . = ALIGN (0x4)
                0x2000d16c                __bss_end__ = .

.heap           0x2000d16c     0x8000
                0x2000d16c                __heap_start__ = .
                0x2000d16c                end = __heap_start__
                0x2000d16c                _end = end
                0x2000d16c                __end = end
                0x2001516c                . = (. + HEAP_SIZE)
 *fill*         0x2000d16c     0x8000 
 *(.heap)
                0x2001516c                __heap_end__ = .
                0x2001516c                __HeapLimit = __heap_end__

.stack          0x20015170     0x1000
                0x20015170                _stack = .
                0x20015170                __stack = .
 *(.stack)
                0x20016170                . = (. + STACKSIZE)
 *fill*         0x20015170     0x1000 
                0x20016170                _stack_end = .
                0x20016170                __stack_end = .

.log_data
 *(.log_data)

.log_ptr
 *(.log_ptr*)
LOAD C:/Users/joshb/workspace_v10/gpiointerrupt_CC3220S_LAUNCHXL_nortos_gcc/MCU+Image/syscfg\ti_utils_build_linker.cmd.genlibs
LOAD C:/ti/simplelink_cc32xx_sdk_7_10_00_13/source\ti/drivers/lib/gcc/m4/drivers_cc32xx.a
LOAD C:/ti/simplelink_cc32xx_sdk_7_10_00_13/source\ti/grlib/lib/gcc/m4/grlib.a
LOAD C:/ti/simplelink_cc32xx_sdk_7_10_00_13/kernel/nortos\lib/gcc/m4/nortos_cc32xx.a
LOAD C:/ti/simplelink_cc32xx_sdk_7_10_00_13/source\ti/devices/cc32xx/driverlib/gcc/Release/driverlib.a
LOAD c:/ti/ccs1000/ccs/tools/compiler/gcc-arm-none-eabi-7-2017-q4-major-win32/bin/../lib/gcc/arm-none-eabi/7.2.1/thumb/v7e-m\libgcc.a
LOAD c:/ti/ccs1000/ccs/tools/compiler/gcc-arm-none-eabi-7-2017-q4-major-win32/bin/../lib/gcc/arm-none-eabi/7.2.1/../../../../arm-none-eabi/lib/thumb/v7e-m\libc_nano.a
LOAD c:/ti/ccs1000/ccs/tools/compiler/gcc-arm-none-eabi-7-2017-q4-major-win32/bin/../lib/gcc/arm-none-eabi/7.2.1/../../../../arm-none-eabi/lib/thumb/v7e-m\libm.a
LOAD c:/ti/ccs1000/ccs/tools/compiler/gcc-arm-none-eabi-7-2017-q4-major-win32/bin/../lib/gcc/arm-none-eabi/7.2.1/../../../../arm-none-eabi/lib/thumb/v7e-m\libnosys.a
START GROUP
LOAD c:/ti/ccs1000/ccs/tools/compiler/gcc-arm-none-eabi-7-2017-q4-major-win32/bin/../lib/gcc/arm-none-eabi/7.2.1/thumb/v7e-m\libgcc.a
LOAD c:/ti/ccs1000/ccs/tools/compiler/gcc-arm-none-eabi-7-2017-q4-major-win32/bin/../lib/gcc/arm-none-eabi/7.2.1/../../../../arm-none-eabi/lib/thumb/v7e-m\libg_nano.a
LOAD c:/ti/ccs1000/ccs/tools/compiler/gcc-arm-none-eabi-7-2017-q4-major-win32/bin/../lib/gcc/arm-none-eabi/7.2.1/../../../../arm-none-eabi/lib/thumb/v7e-m\libc_nano.a
END GROUP
START GROUP
LOAD c:/ti/ccs1000/ccs/tools/compiler/gcc-arm-none-eabi-7-2017-q4-major-win32/bin/../lib/gcc/arm-none-eabi/7.2.1/thumb/v7e-m\libgcc.a
LOAD c:/ti/ccs1000/ccs/tools/compiler/gcc-arm-none-eabi-7-2017-q4-major-win32/bin/../lib/gcc/arm-none-eabi/7.2.1/../../../../arm-none-eabi/lib/thumb/v7e-m\libc_nano.a
END GROUP
OUTPUT(gpiointerrupt_CC3220S_LAUNCHXL_nortos_gcc.out elf32-littlearm)

.debug_info     0x00000000    0x1d005
 .debug_info    0x00000000      0xc7a ./gpiointerrupt.o
 .debug_info    0x00000c7a     0x1467 ./syscfg/ti_drivers_config.o
 .debug_info    0x000020e1       0x81 ./main_nortos.o
 .debug_info    0x00002162      0xaa4 C:/ti/simplelink_cc32xx_sdk_7_10_00_13/source\ti/drivers/lib/gcc/m4/drivers_cc32xx.a(GPIO.c.obj)
 .debug_info    0x00002c06     0x10c8 C:/ti/simplelink_cc32xx_sdk_7_10_00_13/source\ti/drivers/lib/gcc/m4/drivers_cc32xx.a(GPIOCC32XX.c.obj)
 .debug_info    0x00003cce     0x11d4 C:/ti/simplelink_cc32xx_sdk_7_10_00_13/source\ti/drivers/lib/gcc/m4/drivers_cc32xx.a(I2C.c.obj)
 .debug_info    0x00004ea2     0x1eb3 C:/ti/simplelink_cc32xx_sdk_7_10_00_13/source\ti/drivers/lib/gcc/m4/drivers_cc32xx.a(I2CCC32XX.c.obj)
 .debug_info    0x00006d55     0x1f70 C:/ti/simplelink_cc32xx_sdk_7_10_00_13/source\ti/drivers/lib/gcc/m4/drivers_cc32xx.a(PowerCC32XX.c.obj)
 .debug_info    0x00008cc5     0x101d C:/ti/simplelink_cc32xx_sdk_7_10_00_13/source\ti/drivers/lib/gcc/m4/drivers_cc32xx.a(Timer.c.obj)
 .debug_info    0x00009ce2     0x126b C:/ti/simplelink_cc32xx_sdk_7_10_00_13/source\ti/drivers/lib/gcc/m4/drivers_cc32xx.a(TimerCC32XX.c.obj)
 .debug_info    0x0000af4d     0x2138 C:/ti/simplelink_cc32xx_sdk_7_10_00_13/source\ti/drivers/lib/gcc/m4/drivers_cc32xx.a(UART2.c.obj)
 .debug_info    0x0000d085     0x2db2 C:/ti/simplelink_cc32xx_sdk_7_10_00_13/source\ti/drivers/lib/gcc/m4/drivers_cc32xx.a(UART2CC32XX.c.obj)
 .debug_info    0x0000fe37      0xc58 C:/ti/simplelink_cc32xx_sdk_7_10_00_13/source\ti/drivers/lib/gcc/m4/drivers_cc32xx.a(List.c.obj)
 .debug_info    0x00010a8f      0x811 C:/ti/simplelink_cc32xx_sdk_7_10_00_13/source\ti/drivers/lib/gcc/m4/drivers_cc32xx.a(RingBuf.c.obj)
 .debug_info    0x000112a0      0x632 C:/ti/simplelink_cc32xx_sdk_7_10_00_13/source\ti/drivers/lib/gcc/m4/drivers_cc32xx.a(UDMACC32XX.c.obj)
 .debug_info    0x000118d2      0x1ec C:/ti/simplelink_cc32xx_sdk_7_10_00_13/kernel/nortos\lib/gcc/m4/nortos_cc32xx.a(NoRTOS.c.obj)
 .debug_info    0x00011abe     0x1498 C:/ti/simplelink_cc32xx_sdk_7_10_00_13/kernel/nortos\lib/gcc/m4/nortos_cc32xx.a(SemaphoreP_nortos.c.obj)
 .debug_info    0x00012f56     0x1b01 C:/ti/simplelink_cc32xx_sdk_7_10_00_13/kernel/nortos\lib/gcc/m4/nortos_cc32xx.a(ClockPSysTick_nortos.c.obj)
 .debug_info    0x00014a57     0x17d2 C:/ti/simplelink_cc32xx_sdk_7_10_00_13/kernel/nortos\lib/gcc/m4/nortos_cc32xx.a(HwiPCC32XX_nortos.c.obj)
 .debug_info    0x00016229      0x8aa C:/ti/simplelink_cc32xx_sdk_7_10_00_13/kernel/nortos\lib/gcc/m4/nortos_cc32xx.a(PowerCC32XX_nortos.c.obj)
 .debug_info    0x00016ad3      0xb83 C:/ti/simplelink_cc32xx_sdk_7_10_00_13/kernel/nortos\lib/gcc/m4/nortos_cc32xx.a(startup_cc32xx_gcc.c.obj)
 .debug_info    0x00017656     0x1a3a C:/ti/simplelink_cc32xx_sdk_7_10_00_13/kernel/nortos\lib/gcc/m4/nortos_cc32xx.a(SwiP_nortos.c.obj)
 .debug_info    0x00019090      0x109 C:/ti/simplelink_cc32xx_sdk_7_10_00_13/source\ti/devices/cc32xx/driverlib/gcc/Release/driverlib.a(cpu.obj)
 .debug_info    0x00019199      0x3e6 C:/ti/simplelink_cc32xx_sdk_7_10_00_13/source\ti/devices/cc32xx/driverlib/gcc/Release/driverlib.a(gpio.obj)
 .debug_info    0x0001957f      0xc41 C:/ti/simplelink_cc32xx_sdk_7_10_00_13/source\ti/devices/cc32xx/driverlib/gcc/Release/driverlib.a(i2c.obj)
 .debug_info    0x0001a1c0      0x3a3 C:/ti/simplelink_cc32xx_sdk_7_10_00_13/source\ti/devices/cc32xx/driverlib/gcc/Release/driverlib.a(interrupt.obj)
 .debug_info    0x0001a563      0x545 C:/ti/simplelink_cc32xx_sdk_7_10_00_13/source\ti/devices/cc32xx/driverlib/gcc/Release/driverlib.a(pin.obj)
 .debug_info    0x0001aaa8      0xc9c C:/ti/simplelink_cc32xx_sdk_7_10_00_13/source\ti/devices/cc32xx/driverlib/gcc/Release/driverlib.a(prcm.obj)
 .debug_info    0x0001b744      0x10e C:/ti/simplelink_cc32xx_sdk_7_10_00_13/source\ti/devices/cc32xx/driverlib/gcc/Release/driverlib.a(systick.obj)
 .debug_info    0x0001b852      0x612 C:/ti/simplelink_cc32xx_sdk_7_10_00_13/source\ti/devices/cc32xx/driverlib/gcc/Release/driverlib.a(timer.obj)
 .debug_info    0x0001be64      0x89d C:/ti/simplelink_cc32xx_sdk_7_10_00_13/source\ti/devices/cc32xx/driverlib/gcc/Release/driverlib.a(uart.obj)
 .debug_info    0x0001c701      0x58d C:/ti/simplelink_cc32xx_sdk_7_10_00_13/source\ti/devices/cc32xx/driverlib/gcc/Release/driverlib.a(udma.obj)
 .debug_info    0x0001cc8e       0x52 C:/ti/simplelink_cc32xx_sdk_7_10_00_13/source\ti/devices/cc32xx/driverlib/gcc/Release/driverlib.a(utils.obj)
 .debug_info    0x0001cce0      0x325 C:/ti/simplelink_cc32xx_sdk_7_10_00_13/source\ti/devices/cc32xx/driverlib/gcc/Release/driverlib.a(flash.obj)

.debug_abbrev   0x00000000     0x5a78
 .debug_abbrev  0x00000000      0x317 ./gpiointerrupt.o
 .debug_abbrev  0x00000317      0x241 ./syscfg/ti_drivers_config.o
 .debug_abbrev  0x00000558       0x41 ./main_nortos.o
 .debug_abbrev  0x00000599      0x23f C:/ti/simplelink_cc32xx_sdk_7_10_00_13/source\ti/drivers/lib/gcc/m4/drivers_cc32xx.a(GPIO.c.obj)
 .debug_abbrev  0x000007d8      0x386 C:/ti/simplelink_cc32xx_sdk_7_10_00_13/source\ti/drivers/lib/gcc/m4/drivers_cc32xx.a(GPIOCC32XX.c.obj)
 .debug_abbrev  0x00000b5e      0x3d5 C:/ti/simplelink_cc32xx_sdk_7_10_00_13/source\ti/drivers/lib/gcc/m4/drivers_cc32xx.a(I2C.c.obj)
 .debug_abbrev  0x00000f33      0x512 C:/ti/simplelink_cc32xx_sdk_7_10_00_13/source\ti/drivers/lib/gcc/m4/drivers_cc32xx.a(I2CCC32XX.c.obj)
 .debug_abbrev  0x00001445      0x509 C:/ti/simplelink_cc32xx_sdk_7_10_00_13/source\ti/drivers/lib/gcc/m4/drivers_cc32xx.a(PowerCC32XX.c.obj)
 .debug_abbrev  0x0000194e      0x303 C:/ti/simplelink_cc32xx_sdk_7_10_00_13/source\ti/drivers/lib/gcc/m4/drivers_cc32xx.a(Timer.c.obj)
 .debug_abbrev  0x00001c51      0x458 C:/ti/simplelink_cc32xx_sdk_7_10_00_13/source\ti/drivers/lib/gcc/m4/drivers_cc32xx.a(TimerCC32XX.c.obj)
 .debug_abbrev  0x000020a9      0x45a C:/ti/simplelink_cc32xx_sdk_7_10_00_13/source\ti/drivers/lib/gcc/m4/drivers_cc32xx.a(UART2.c.obj)
 .debug_abbrev  0x00002503      0x54d C:/ti/simplelink_cc32xx_sdk_7_10_00_13/source\ti/drivers/lib/gcc/m4/drivers_cc32xx.a(UART2CC32XX.c.obj)
 .debug_abbrev  0x00002a50      0x27b C:/ti/simplelink_cc32xx_sdk_7_10_00_13/source\ti/drivers/lib/gcc/m4/drivers_cc32xx.a(List.c.obj)
 .debug_abbrev  0x00002ccb      0x249 C:/ti/simplelink_cc32xx_sdk_7_10_00_13/source\ti/drivers/lib/gcc/m4/drivers_cc32xx.a(RingBuf.c.obj)
 .debug_abbrev  0x00002f14      0x217 C:/ti/simplelink_cc32xx_sdk_7_10_00_13/source\ti/drivers/lib/gcc/m4/drivers_cc32xx.a(UDMACC32XX.c.obj)
 .debug_abbrev  0x0000312b      0x116 C:/ti/simplelink_cc32xx_sdk_7_10_00_13/kernel/nortos\lib/gcc/m4/nortos_cc32xx.a(NoRTOS.c.obj)
 .debug_abbrev  0x00003241      0x470 C:/ti/simplelink_cc32xx_sdk_7_10_00_13/kernel/nortos\lib/gcc/m4/nortos_cc32xx.a(SemaphoreP_nortos.c.obj)
 .debug_abbrev  0x000036b1      0x5d6 C:/ti/simplelink_cc32xx_sdk_7_10_00_13/kernel/nortos\lib/gcc/m4/nortos_cc32xx.a(ClockPSysTick_nortos.c.obj)
 .debug_abbrev  0x00003c87      0x4e6 C:/ti/simplelink_cc32xx_sdk_7_10_00_13/kernel/nortos\lib/gcc/m4/nortos_cc32xx.a(HwiPCC32XX_nortos.c.obj)